Archive member included to satisfy reference by file (symbol)

C:/ST/STM32CubeIDE_1.19.0/STM32CubeIDE/plugins/com.st.stm32cube.ide.mcu.externaltools.gnu-tools-for-stm32.13.3.rel1.win32_1.0.100.202509120712/tools/bin/../lib/gcc/arm-none-eabi/13.3.1/../../../../arm-none-eabi/lib/thumb/v7e-m+fp/hard\libc_nano.a(libc_a-assert.o)
                              ./src/app/hardware/battery/battery.o (__assert_func)
C:/ST/STM32CubeIDE_1.19.0/STM32CubeIDE/plugins/com.st.stm32cube.ide.mcu.externaltools.gnu-tools-for-stm32.13.3.rel1.win32_1.0.100.202509120712/tools/bin/../lib/gcc/arm-none-eabi/13.3.1/../../../../arm-none-eabi/lib/thumb/v7e-m+fp/hard\libc_nano.a(libc_a-exit.o)
                              C:/ST/STM32CubeIDE_1.19.0/STM32CubeIDE/plugins/com.st.stm32cube.ide.mcu.externaltools.gnu-tools-for-stm32.13.3.rel1.win32_1.0.100.202509120712/tools/bin/../lib/gcc/arm-none-eabi/13.3.1/../../../../arm-none-eabi/lib/thumb/v7e-m+fp/hard/crt0.o (exit)
C:/ST/STM32CubeIDE_1.19.0/STM32CubeIDE/plugins/com.st.stm32cube.ide.mcu.externaltools.gnu-tools-for-stm32.13.3.rel1.win32_1.0.100.202509120712/tools/bin/../lib/gcc/arm-none-eabi/13.3.1/../../../../arm-none-eabi/lib/thumb/v7e-m+fp/hard\libc_nano.a(libc_a-findfp.o)
                              C:/ST/STM32CubeIDE_1.19.0/STM32CubeIDE/plugins/com.st.stm32cube.ide.mcu.externaltools.gnu-tools-for-stm32.13.3.rel1.win32_1.0.100.202509120712/tools/bin/../lib/gcc/arm-none-eabi/13.3.1/../../../../arm-none-eabi/lib/thumb/v7e-m+fp/hard\libc_nano.a(libc_a-exit.o) (__stdio_exit_handler)
C:/ST/STM32CubeIDE_1.19.0/STM32CubeIDE/plugins/com.st.stm32cube.ide.mcu.externaltools.gnu-tools-for-stm32.13.3.rel1.win32_1.0.100.202509120712/tools/bin/../lib/gcc/arm-none-eabi/13.3.1/../../../../arm-none-eabi/lib/thumb/v7e-m+fp/hard\libc_nano.a(libc_a-fprintf.o)
                              C:/ST/STM32CubeIDE_1.19.0/STM32CubeIDE/plugins/com.st.stm32cube.ide.mcu.externaltools.gnu-tools-for-stm32.13.3.rel1.win32_1.0.100.202509120712/tools/bin/../lib/gcc/arm-none-eabi/13.3.1/../../../../arm-none-eabi/lib/thumb/v7e-m+fp/hard\libc_nano.a(libc_a-assert.o) (fiprintf)
C:/ST/STM32CubeIDE_1.19.0/STM32CubeIDE/plugins/com.st.stm32cube.ide.mcu.externaltools.gnu-tools-for-stm32.13.3.rel1.win32_1.0.100.202509120712/tools/bin/../lib/gcc/arm-none-eabi/13.3.1/../../../../arm-none-eabi/lib/thumb/v7e-m+fp/hard\libc_nano.a(libc_a-fwalk.o)
                              C:/ST/STM32CubeIDE_1.19.0/STM32CubeIDE/plugins/com.st.stm32cube.ide.mcu.externaltools.gnu-tools-for-stm32.13.3.rel1.win32_1.0.100.202509120712/tools/bin/../lib/gcc/arm-none-eabi/13.3.1/../../../../arm-none-eabi/lib/thumb/v7e-m+fp/hard\libc_nano.a(libc_a-findfp.o) (_fwalk_sglue)
C:/ST/STM32CubeIDE_1.19.0/STM32CubeIDE/plugins/com.st.stm32cube.ide.mcu.externaltools.gnu-tools-for-stm32.13.3.rel1.win32_1.0.100.202509120712/tools/bin/../lib/gcc/arm-none-eabi/13.3.1/../../../../arm-none-eabi/lib/thumb/v7e-m+fp/hard\libc_nano.a(libc_a-stdio.o)
                              C:/ST/STM32CubeIDE_1.19.0/STM32CubeIDE/plugins/com.st.stm32cube.ide.mcu.externaltools.gnu-tools-for-stm32.13.3.rel1.win32_1.0.100.202509120712/tools/bin/../lib/gcc/arm-none-eabi/13.3.1/../../../../arm-none-eabi/lib/thumb/v7e-m+fp/hard\libc_nano.a(libc_a-findfp.o) (__sread)
C:/ST/STM32CubeIDE_1.19.0/STM32CubeIDE/plugins/com.st.stm32cube.ide.mcu.externaltools.gnu-tools-for-stm32.13.3.rel1.win32_1.0.100.202509120712/tools/bin/../lib/gcc/arm-none-eabi/13.3.1/../../../../arm-none-eabi/lib/thumb/v7e-m+fp/hard\libc_nano.a(libc_a-memset.o)
                              C:/ST/STM32CubeIDE_1.19.0/STM32CubeIDE/plugins/com.st.stm32cube.ide.mcu.externaltools.gnu-tools-for-stm32.13.3.rel1.win32_1.0.100.202509120712/tools/bin/../lib/gcc/arm-none-eabi/13.3.1/../../../../arm-none-eabi/lib/thumb/v7e-m+fp/hard/crt0.o (memset)
C:/ST/STM32CubeIDE_1.19.0/STM32CubeIDE/plugins/com.st.stm32cube.ide.mcu.externaltools.gnu-tools-for-stm32.13.3.rel1.win32_1.0.100.202509120712/tools/bin/../lib/gcc/arm-none-eabi/13.3.1/../../../../arm-none-eabi/lib/thumb/v7e-m+fp/hard\libc_nano.a(libc_a-strncmp.o)
                              ./src/middleware/msgbox/msgbox.o (strncmp)
C:/ST/STM32CubeIDE_1.19.0/STM32CubeIDE/plugins/com.st.stm32cube.ide.mcu.externaltools.gnu-tools-for-stm32.13.3.rel1.win32_1.0.100.202509120712/tools/bin/../lib/gcc/arm-none-eabi/13.3.1/../../../../arm-none-eabi/lib/thumb/v7e-m+fp/hard\libc_nano.a(libc_a-strncpy.o)
                              ./src/middleware/msgbox/msgbox.o (strncpy)
C:/ST/STM32CubeIDE_1.19.0/STM32CubeIDE/plugins/com.st.stm32cube.ide.mcu.externaltools.gnu-tools-for-stm32.13.3.rel1.win32_1.0.100.202509120712/tools/bin/../lib/gcc/arm-none-eabi/13.3.1/../../../../arm-none-eabi/lib/thumb/v7e-m+fp/hard\libc_nano.a(libc_a-closer.o)
[...]
Memory Configuration

Name             Origin             Length             Attributes
RAM              0x20000000         0x00020000         xrw
FLASH            0x08000000         0x00080000         xr
*default*        0x00000000         0xffffffff

Linker script and memory map

LOAD C:/ST/STM32CubeIDE_1.19.0/STM32CubeIDE/plugins/com.st.stm32cube.ide.mcu.externaltools.gnu-tools-for-stm32.13.3.rel1.win32_1.0.100.202509120712/tools/bin/../lib/gcc/arm-none-eabi/13.3.1/thumb/v7e-m+fp/hard/crti.o
LOAD C:/ST/STM32CubeIDE_1.19.0/STM32CubeIDE/plugins/com.st.stm32cube.ide.mcu.externaltools.gnu-tools-for-stm32.13.3.rel1.win32_1.0.100.202509120712/tools/bin/../lib/gcc/arm-none-eabi/13.3.1/thumb/v7e-m+fp/hard/crtbegin.o
LOAD C:/ST/STM32CubeIDE_1.19.0/STM32CubeIDE/plugins/com.st.stm32cube.ide.mcu.externaltools.gnu-tools-for-stm32.13.3.rel1.win32_1.0.100.202509120712/tools/bin/../lib/gcc/arm-none-eabi/13.3.1/../../../../arm-none-eabi/lib/thumb/v7e-m+fp/hard/crt0.o
LOAD ./src/app/app.o
LOAD ./src/app/controller/ctrler.o
LOAD ./src/app/hardware/battery/battery.o
LOAD ./src/app/hardware/consur/consur.o
LOAD ./src/app/hardware/gnss/gnss.o
LOAD ./src/app/hardware/gnss/neom8n/neom8n.o
LOAD ./src/app/hardware/imu/icm20602/icm20602.o
LOAD ./src/app/hardware/imu/imu.o
LOAD ./src/app/hardware/tranceiver/rp3/rp3.o
LOAD ./src/app/hardware/tranceiver/rtt24/rtt24.o
LOAD ./src/app/hardware/tranceiver/tranceiver.o
LOAD ./src/app/modules/attitude/attitude.o
LOAD ./src/drivers/icm20602/icm20602.o
LOAD ./src/drivers/servo/servo.o
LOAD ./src/lib/compfilter/compfilter.o
LOAD ./src/lib/math.o
LOAD ./src/lib/pid/pid.o
LOAD ./src/lib/protocols/crsf/crsf.o
LOAD ./src/lib/protocols/crsf/utils/crsf_frame_queue.o
LOAD ./src/lib/protocols/ubx/ubx.o
LOAD ./src/lib/protocols/ubx/utils/ubx_frame_queue.o
LOAD ./src/main.o
LOAD ./src/middleware/msgbox/msgbox.o
LOAD ./src/platform/hal/Core/Src/adc.o
LOAD ./src/platform/hal/Core/Src/dma.o
LOAD ./src/platform/hal/Core/Src/gpio.o
LOAD ./src/platform/hal/Core/Src/i2c.o
LOAD ./src/platform/hal/Core/Src/spi.o
LOAD ./src/platform/hal/Core/Src/stm32f4xx_hal_msp.o
LOAD ./src/platform/hal/Core/Src/stm32f4xx_it.o
LOAD ./src/platform/hal/Core/Src/syscalls.o
LOAD ./src/platform/hal/Core/Src/sysmem.o
LOAD ./src/platform/hal/Core/Src/system_stm32f4xx.o
LOAD ./src/platform/hal/Core/Src/tim.o
LOAD ./src/platform/hal/Core/Src/usart.o
LOAD ./src/platform/hal/Core/Startup/startup_stm32f411ceux.o
LOAD ./src/platform/hal/Drivers/STM32F4xx_HAL_Driver/Src/stm32f4xx_hal.o
LOAD ./src/platform/hal/Drivers/STM32F4xx_HAL_Driver/Src/stm32f4xx_hal_adc.o
LOAD ./src/platform/hal/Drivers/STM32F4xx_HAL_Driver/Src/stm32f4xx_hal_adc_ex.o
LOAD ./src/platform/hal/Drivers/STM32F4xx_HAL_Driver/Src/stm32f4xx_hal_cortex.o
LOAD ./src/platform/hal/Drivers/STM32F4xx_HAL_Driver/Src/stm32f4xx_hal_dma.o
LOAD ./src/platform/hal/Drivers/STM32F4xx_HAL_Driver/Src/stm32f4xx_hal_dma_ex.o
LOAD ./src/platform/hal/Drivers/STM32F4xx_HAL_Driver/Src/stm32f4xx_hal_exti.o
LOAD ./src/platform/hal/Drivers/STM32F4xx_HAL_Driver/Src/stm32f4xx_hal_flash.o
LOAD ./src/platform/hal/Drivers/STM32F4xx_HAL_Driver/Src/stm32f4xx_hal_flash_ex.o
LOAD ./src/platform/hal/Drivers/STM32F4xx_HAL_Driver/Src/stm32f4xx_hal_flash_ramfunc.o
LOAD ./src/platform/hal/Drivers/STM32F4xx_HAL_Driver/Src/stm32f4xx_hal_gpio.o
LOAD ./src/platform/hal/Drivers/STM32F4xx_HAL_Driver/Src/stm32f4xx_hal_i2c.o
LOAD ./src/platform/hal/Drivers/STM32F4xx_HAL_Driver/Src/stm32f4xx_hal_i2c_ex.o
LOAD ./src/platform/hal/Drivers/STM32F4xx_HAL_Driver/Src/stm32f4xx_hal_pwr.o
LOAD ./src/platform/hal/Drivers/STM32F4xx_HAL_Driver/Src/stm32f4xx_hal_pwr_ex.o
LOAD ./src/platform/hal/Drivers/STM32F4xx_HAL_Driver/Src/stm32f4xx_hal_rcc.o
LOAD ./src/platform/hal/Drivers/STM32F4xx_HAL_Driver/Src/stm32f4xx_hal_rcc_ex.o
LOAD ./src/platform/hal/Drivers/STM32F4xx_HAL_Driver/Src/stm32f4xx_hal_spi.o
LOAD ./src/platform/hal/Drivers/STM32F4xx_HAL_Driver/Src/stm32f4xx_hal_tim.o
LOAD ./src/platform/hal/Drivers/STM32F4xx_HAL_Driver/Src/stm32f4xx_hal_tim_ex.o
LOAD ./src/platform/hal/Drivers/STM32F4xx_HAL_Driver/Src/stm32f4xx_hal_uart.o
LOAD ./src/platform/hal/platform_hal.o
START GROUP
LOAD C:/ST/STM32CubeIDE_1.19.0/STM32CubeIDE/plugins/com.st.stm32cube.ide.mcu.externaltools.gnu-tools-for-stm32.13.3.rel1.win32_1.0.100.202509120712/tools/bin/../lib/gcc/arm-none-eabi/13.3.1/../../../../arm-none-eabi/lib/thumb/v7e-m+fp/hard\libc_nano.a
LOAD C:/ST/STM32CubeIDE_1.19.0/STM32CubeIDE/plugins/com.st.stm32cube.ide.mcu.externaltools.gnu-tools-for-stm32.13.3.rel1.win32_1.0.100.202509120712/tools/bin/../lib/gcc/arm-none-eabi/13.3.1/../../../../arm-none-eabi/lib/thumb/v7e-m+fp/hard\libm.a
END GROUP
START GROUP
LOAD C:/ST/STM32CubeIDE_1.19.0/STM32CubeIDE/plugins/com.st.stm32cube.ide.mcu.externaltools.gnu-tools-for-stm32.13.3.rel1.win32_1.0.100.202509120712/tools/bin/../lib/gcc/arm-none-eabi/13.3.1/thumb/v7e-m+fp/hard\libgcc.a
LOAD C:/ST/STM32CubeIDE_1.19.0/STM32CubeIDE/plugins/com.st.stm32cube.ide.mcu.externaltools.gnu-tools-for-stm32.13.3.rel1.win32_1.0.100.202509120712/tools/bin/../lib/gcc/arm-none-eabi/13.3.1/../../../../arm-none-eabi/lib/thumb/v7e-m+fp/hard\libc_nano.a
END GROUP
START GROUP
LOAD C:/ST/STM32CubeIDE_1.19.0/STM32CubeIDE/plugins/com.st.stm32cube.ide.mcu.externaltools.gnu-tools-for-stm32.13.3.rel1.win32_1.0.100.202509120712/tools/bin/../lib/gcc/arm-none-eabi/13.3.1/thumb/v7e-m+fp/hard\libgcc.a
LOAD C:/ST/STM32CubeIDE_1.19.0/STM32CubeIDE/plugins/com.st.stm32cube.ide.mcu.externaltools.gnu-tools-for-stm32.13.3.rel1.win32_1.0.100.202509120712/tools/bin/../lib/gcc/arm-none-eabi/13.3.1/../../../../arm-none-eabi/lib/thumb/v7e-m+fp/hard\libc_nano.a
LOAD C:/ST/STM32CubeIDE_1.19.0/STM32CubeIDE/plugins/com.st.stm32cube.ide.mcu.externaltools.gnu-tools-for-stm32.13.3.rel1.win32_1.0.100.202509120712/tools/bin/../lib/gcc/arm-none-eabi/13.3.1/../../../../arm-none-eabi/lib/thumb/v7e-m+fp/hard\libnosys.a
END GROUP
START GROUP
LOAD C:/ST/STM32CubeIDE_1.19.0/STM32CubeIDE/plugins/com.st.stm32cube.ide.mcu.externaltools.gnu-tools-for-stm32.13.3.rel1.win32_1.0.100.202509120712/tools/bin/../lib/gcc/arm-none-eabi/13.3.1/thumb/v7e-m+fp/hard\libgcc.a
LOAD C:/ST/STM32CubeIDE_1.19.0/STM32CubeIDE/plugins/com.st.stm32cube.ide.mcu.externaltools.gnu-tools-for-stm32.13.3.rel1.win32_1.0.100.202509120712/tools/bin/../lib/gcc/arm-none-eabi/13.3.1/../../../../arm-none-eabi/lib/thumb/v7e-m+fp/hard\libc_nano.a
LOAD C:/ST/STM32CubeIDE_1.19.0/STM32CubeIDE/plugins/com.st.stm32cube.ide.mcu.externaltools.gnu-tools-for-stm32.13.3.rel1.win32_1.0.100.202509120712/tools/bin/../lib/gcc/arm-none-eabi/13.3.1/../../../../arm-none-eabi/lib/thumb/v7e-m+fp/hard\libnosys.a
END GROUP
LOAD C:/ST/STM32CubeIDE_1.19.0/STM32CubeIDE/plugins/com.st.stm32cube.ide.mcu.externaltools.gnu-tools-for-stm32.13.3.rel1.win32_1.0.100.202509120712/tools/bin/../lib/gcc/arm-none-eabi/13.3.1/thumb/v7e-m+fp/hard/crtend.o
LOAD C:/ST/STM32CubeIDE_1.19.0/STM32CubeIDE/plugins/com.st.stm32cube.ide.mcu.externaltools.gnu-tools-for-stm32.13.3.rel1.win32_1.0.100.202509120712/tools/bin/../lib/gcc/arm-none-eabi/13.3.1/thumb/v7e-m+fp/hard/crtn.o
                0x20020000                        _estack = (ORIGIN (RAM) + LENGTH (RAM))
                0x00000200                        _Min_Heap_Size = 0x200
                0x00000400                        _Min_Stack_Size = 0x400

.isr_vector     0x08000000      0x198
                0x08000000                        . = ALIGN (0x4)
 *(.isr_vector)
 .isr_vector    0x08000000      0x198 ./src/platform/hal/Core/Startup/startup_stm32f411ceux.o
                0x08000000                g_pfnVectors
                0x08000198                        . = ALIGN (0x4)

.text           0x080001a0     0xb908
                0x080001a0                        . = ALIGN (0x4)
 *(.text)
 .text          0x080001a0       0x40 C:/ST/STM32CubeIDE_1.19.0/STM32CubeIDE/plugins/com.st.stm32cube.ide.mcu.externaltools.gnu-tools-for-stm32.13.3.rel1.win32_1.0.100.202509120712/tools/bin/../lib/gcc/arm-none-eabi/13.3.1/thumb/v7e-m+fp/hard/crtbegin.o
 .text          0x080001e0       0xa0 C:/ST/STM32CubeIDE_1.19.0/STM32CubeIDE/plugins/com.st.stm32cube.ide.mcu.externaltools.gnu-tools-for-stm32.13.3.rel1.win32_1.0.100.202509120712/tools/bin/../lib/gcc/arm-none-eabi/13.3.1/../../../../arm-none-eabi/lib/thumb/v7e-m+fp/hard\libc_nano.a(libc_a-memchr.o)
                0x080001e0                memchr
 .text          0x08000280      0x378 C:/ST/STM32CubeIDE_1.19.0/STM32CubeIDE/plugins/com.st.stm32cube.ide.mcu.externaltools.gnu-tools-for-stm32.13.3.rel1.win32_1.0.100.202509120712/tools/bin/../lib/gcc/arm-none-eabi/13.3.1/thumb/v7e-m+fp/hard\libgcc.a(_arm_addsubdf3.o)
                0x08000280                __aeabi_drsub
                0x08000288                __aeabi_dsub
                0x08000288                __subdf3
                0x0800028c                __aeabi_dadd
                0x0800028c                __adddf3
                0x08000504                __floatunsidf
                0x08000504                __aeabi_ui2d
                0x08000524                __floatsidf
                0x08000524                __aeabi_i2d
                0x08000548                __aeabi_f2d
                0x08000548                __extendsfdf2
                0x0800058c                __floatundidf
                0x0800058c                __aeabi_ul2d
                0x0800059c                __floatdidf
                0x0800059c                __aeabi_l2d
 .text          0x080005f8      0x424 C:/ST/STM32CubeIDE_1.19.0/STM32CubeIDE/plugins/com.st.stm32cube.ide.mcu.externaltools.gnu-tools-for-stm32.13.3.rel1.win32_1.0.100.202509120712/tools/bin/../lib/gcc/arm-none-eabi/13.3.1/thumb/v7e-m+fp/hard\libgcc.a(_arm_muldivdf3.o)
                0x080005f8                __aeabi_dmul
                0x080005f8                __muldf3
                0x0800084c                __divdf3
                0x0800084c                __aeabi_ddiv
 .text          0x08000a1c       0x40 C:/ST/STM32CubeIDE_1.19.0/STM32CubeIDE/plugins/com.st.stm32cube.ide.mcu.externaltools.gnu-tools-for-stm32.13.3.rel1.win32_1.0.100.202509120712/tools/bin/../lib/gcc/arm-none-eabi/13.3.1/thumb/v7e-m+fp/hard\libgcc.a(_arm_fixunsdfsi.o)
                0x08000a1c                __aeabi_d2uiz
                0x08000a1c                __fixunsdfsi
 .text          0x08000a5c       0xa0 C:/ST/STM32CubeIDE_1.19.0/STM32CubeIDE/plugins/com.st.stm32cube.ide.mcu.externaltools.gnu-tools-for-stm32.13.3.rel1.win32_1.0.100.202509120712/tools/bin/../lib/gcc/arm-none-eabi/13.3.1/thumb/v7e-m+fp/hard\libgcc.a(_arm_truncdfsf2.o)
                0x08000a5c                __truncdfsf2
                0x08000a5c                __aeabi_d2f
 .text          0x08000afc       0x30 C:/ST/STM32CubeIDE_1.19.0/STM32CubeIDE/plugins/com.st.stm32cube.ide.mcu.externaltools.gnu-tools-for-stm32.13.3.rel1.win32_1.0.100.202509120712/tools/bin/../lib/gcc/arm-none-eabi/13.3.1/thumb/v7e-m+fp/hard\libgcc.a(_aeabi_uldivmod.o)
                0x08000afc                __aeabi_uldivmod
 .text          0x08000b2c      0x2f8 C:/ST/STM32CubeIDE_1.19.0/STM32CubeIDE/plugins/com.st.stm32cube.ide.mcu.externaltools.gnu-tools-for-stm32.13.3.rel1.win32_1.0.100.202509120712/tools/bin/../lib/gcc/arm-none-eabi/13.3.1/thumb/v7e-m+fp/hard\libgcc.a(_udivmoddi4.o)
                0x08000b2c                __udivmoddi4
 .text          0x08000e24        0x4 C:/ST/STM32CubeIDE_1.19.0/STM32CubeIDE/plugins/com.st.stm32cube.ide.mcu.externaltools.gnu-tools-for-stm32.13.3.rel1.win32_1.0.100.202509120712/tools/bin/../lib/gcc/arm-none-eabi/13.3.1/thumb/v7e-m+fp/hard\libgcc.a(_dvmd_tls.o)
                0x08000e24                __aeabi_idiv0
                0x08000e24                __aeabi_ldiv0
 *(.text*)
 .text._write   0x08000e28       0x2c ./src/app/app.o
                0x08000e28                _write
 .text.setup    0x08000e54       0x8c ./src/app/app.o
                0x08000e54                setup
 .text.loop     0x08000ee0       0x1c ./src/app/app.o
                0x08000ee0                loop
 .text.HAL_UART_RxCpltCallback
                0x08000efc       0x1c ./src/app/app.o
                0x08000efc                HAL_UART_RxCpltCallback
 .text.HAL_UART_ErrorCallback
                0x08000f18       0x14 ./src/app/app.o
                0x08000f18                HAL_UART_ErrorCallback
 .text.crsf_get_len
                0x08000f2c       0x34 ./src/app/hardware/battery/battery.o
 .text.crsf_get_frame_length
                0x08000f60       0x3c ./src/app/hardware/battery/battery.o
 .text.battery_init
                0x08000f9c       0x60 ./src/app/hardware/battery/battery.o
                0x08000f9c                battery_init
 .text.battery_read_voltage
                0x08000ffc       0xbc ./src/app/hardware/battery/battery.o
 .text.battery_loop
                0x080010b8       0xd4 ./src/app/hardware/battery/battery.o
                0x080010b8                battery_loop
 .text.consur_init
                0x0800118c      0x2c0 ./src/app/hardware/consur/consur.o
                0x0800118c                consur_init
 .text.crsf_rx_msgbox_callback
                0x0800144c       0x34 ./src/app/hardware/consur/consur.o
 .text.consur_loop
                0x08001480      0x140 ./src/app/hardware/consur/consur.o
                0x08001480                consur_loop
 .text.gps_init
                0x080015c0       0x2c ./src/app/hardware/gnss/gnss.o
                0x080015c0                gps_init
 .text.gps_loop
                0x080015ec        0xc ./src/app/hardware/gnss/gnss.o
                0x080015ec                gps_loop
 .text.gps_uart_rx_cplt_callback
                0x080015f8       0x16 ./src/app/hardware/gnss/gnss.o
                0x080015f8                gps_uart_rx_cplt_callback
 *fill*         0x0800160e        0x2 
 .text.crsf_get_len
                0x08001610       0x34 ./src/app/hardware/gnss/neom8n/neom8n.o
 .text.crsf_get_frame_length
                0x08001644       0x3c ./src/app/hardware/gnss/neom8n/neom8n.o
 .text.neom8n_init
                0x08001680       0x9c ./src/app/hardware/gnss/neom8n/neom8n.o
                0x08001680                neom8n_init
 *fill*         0x0800171c        0x4 
 .text.neom8n_flush_rx
                0x08001720      0x1b4 ./src/app/hardware/gnss/neom8n/neom8n.o
                0x08001720                neom8n_flush_rx
 .text.neom8n_loop
                0x080018d4        0xc ./src/app/hardware/gnss/neom8n/neom8n.o
                0x080018d4                neom8n_loop
 .text.neom8n_uart_rx_cplt_callback
                0x080018e0       0x30 ./src/app/hardware/gnss/neom8n/neom8n.o
                0x080018e0                neom8n_uart_rx_cplt_callback
 .text.crsf_get_len
                0x08001910       0x34 ./src/app/hardware/imu/icm20602/icm20602.o
 .text.crsf_get_frame_length
                0x08001944       0x3c ./src/app/hardware/imu/icm20602/icm20602.o
 .text.DEG_TO_RAD
                0x08001980       0x40 ./src/app/hardware/imu/icm20602/icm20602.o
 .text.app_icm20602_init
                0x080019c0      0x184 ./src/app/hardware/imu/icm20602/icm20602.o
                0x080019c0                app_icm20602_init
 .text.app_icm20602_loop
                0x08001b44      0x1ac ./src/app/hardware/imu/icm20602/icm20602.o
                0x08001b44                app_icm20602_loop
 .text.app_icm20602_irq_handler
                0x08001cf0       0x14 ./src/app/hardware/imu/icm20602/icm20602.o
                0x08001cf0                app_icm20602_irq_handler
 .text.imu_init
                0x08001d04       0x2c ./src/app/hardware/imu/imu.o
                0x08001d04                imu_init
 .text.imu_loop
                0x08001d30        0xc ./src/app/hardware/imu/imu.o
                0x08001d30                imu_loop
 .text.crsf_get_len
                0x08001d3c       0x34 ./src/app/hardware/tranceiver/rp3/rp3.o
 .text.crsf_get_frame_length
                0x08001d70       0x3c ./src/app/hardware/tranceiver/rp3/rp3.o
 .text.rp3_init
                0x08001dac       0xe8 ./src/app/hardware/tranceiver/rp3/rp3.o
                0x08001dac                rp3_init
 .text.crsf_tx_msgbox_callback
                0x08001e94       0x2c ./src/app/hardware/tranceiver/rp3/rp3.o
 .text.rp3_flush_tx
                0x08001ec0       0x60 ./src/app/hardware/tranceiver/rp3/rp3.o
                0x08001ec0                rp3_flush_tx
 .text.rp3_flush_rx
                0x08001f20       0xd8 ./src/app/hardware/tranceiver/rp3/rp3.o
                0x08001f20                rp3_flush_rx
 .text.rp3_uart_rx_cplt_callback
                0x08001ff8       0x34 ./src/app/hardware/tranceiver/rp3/rp3.o
                0x08001ff8                rp3_uart_rx_cplt_callback
 .text.trcivr_init
                0x0800202c       0x2c ./src/app/hardware/tranceiver/tranceiver.o
                0x0800202c                trcivr_init
 .text.trcivr_loop
                0x08002058       0x10 ./src/app/hardware/tranceiver/tranceiver.o
                0x08002058                trcivr_loop
 .text.trcivr_uart_rx_cplt_callback
                0x08002068       0x16 ./src/app/hardware/tranceiver/tranceiver.o
                0x08002068                trcivr_uart_rx_cplt_callback
 *fill*         0x0800207e        0x2 
 .text.en_cs    0x08002080       0x40 ./src/drivers/icm20602/icm20602.o
 .text.dis_cs   0x080020c0       0x40 ./src/drivers/icm20602/icm20602.o
 .text.icm20602_read_spi
                0x08002100       0xcc ./src/drivers/icm20602/icm20602.o
 .text.icm20602_write_spi
                0x080021cc       0xcc ./src/drivers/icm20602/icm20602.o
 .text.icm20602_read_spi_byte
                0x08002298       0x24 ./src/drivers/icm20602/icm20602.o
                0x08002298                icm20602_read_spi_byte
 .text.icm20602_write_spi_byte
                0x080022bc       0x26 ./src/drivers/icm20602/icm20602.o
                0x080022bc                icm20602_write_spi_byte
 *fill*         0x080022e2        0x2 
 .text.icm20602_init
                0x080022e4      0x184 ./src/drivers/icm20602/icm20602.o
                0x080022e4                icm20602_init
 .text.icm20602_get_accel_gyro_lsb
                0x08002468      0x140 ./src/drivers/icm20602/icm20602.o
                0x08002468                icm20602_get_accel_gyro_lsb
 .text.icm20602_get_accel_lsb
                0x080025a8       0xcc ./src/drivers/icm20602/icm20602.o
                0x080025a8                icm20602_get_accel_lsb
 .text.icm20602_is_data_ready
                0x08002674       0x28 ./src/drivers/icm20602/icm20602.o
                0x08002674                icm20602_is_data_ready
 .text.icm20602_irq_handler
                0x0800269c       0x1a ./src/drivers/icm20602/icm20602.o
                0x0800269c                icm20602_irq_handler
 .text.icm20602_remove_gyro_bias_lsb
                0x080026b6       0xba ./src/drivers/icm20602/icm20602.o
                0x080026b6                icm20602_remove_gyro_bias_lsb
 .text.icm20602_calibrate_gyro
                0x08002770       0xb0 ./src/drivers/icm20602/icm20602.o
                0x08002770                icm20602_calibrate_gyro
 .text.icm20602_parse_gyro
                0x08002820       0x98 ./src/drivers/icm20602/icm20602.o
                0x08002820                icm20602_parse_gyro
 .text.icm20602_parse_accel
                0x080028b8       0x7a ./src/drivers/icm20602/icm20602.o
                0x080028b8                icm20602_parse_accel
 .text.map      0x08002932       0x38 ./src/drivers/servo/servo.o
                0x08002932                map
 *fill*         0x0800296a        0x2 
 .text.servo_init
                0x0800296c       0x90 ./src/drivers/servo/servo.o
                0x0800296c                servo_init
 .text.servo_write
                0x080029fc       0x94 ./src/drivers/servo/servo.o
                0x080029fc                servo_write
 .text.DEG_TO_RAD
                0x08002a90       0x40 ./src/lib/compfilter/compfilter.o
 .text.compfilter_calc_angle
                0x08002ad0      0x374 ./src/lib/compfilter/compfilter.o
                0x08002ad0                compfilter_calc_angle
 .text.crsf_get_len
                0x08002e44       0x34 ./src/lib/protocols/crsf/crsf.o
 .text.crsf_get_payload_length
                0x08002e78       0x3c ./src/lib/protocols/crsf/crsf.o
 .text.crsf_get_type
                0x08002eb4       0x34 ./src/lib/protocols/crsf/crsf.o
 .text.crsf_get_frame_length
                0x08002ee8       0x3c ./src/lib/protocols/crsf/crsf.o
 .text.u16_to_buf_big_endian
                0x08002f24       0x2e ./src/lib/protocols/crsf/crsf.o
 .text.u32_to_buf_big_endian
                0x08002f52       0x42 ./src/lib/protocols/crsf/crsf.o
 .text.crsf_set_sync
                0x08002f94       0x38 ./src/lib/protocols/crsf/crsf.o
 .text.crsf_set_len
                0x08002fcc       0x38 ./src/lib/protocols/crsf/crsf.o
 .text.crsf_set_type
                0x08003004       0x38 ./src/lib/protocols/crsf/crsf.o
 .text.crsf_set_payload
                0x0800303c       0x60 ./src/lib/protocols/crsf/crsf.o
 .text.crsf_set_crc
                0x0800309c       0x44 ./src/lib/protocols/crsf/crsf.o
 .text.crsf_crc8_dvbs2
                0x080030e0       0x5a ./src/lib/protocols/crsf/crsf.o
 *fill*         0x0800313a        0x2 
 .text.crsf_calc_crc8_buf
                0x0800313c       0x64 ./src/lib/protocols/crsf/crsf.o
                0x0800313c                crsf_calc_crc8_buf
 .text.crsf_calc_crc8_frame
                0x080031a0       0x64 ./src/lib/protocols/crsf/crsf.o
                0x080031a0                crsf_calc_crc8_frame
 .text.crsf_parse_frame
                0x08003204       0xf4 ./src/lib/protocols/crsf/crsf.o
                0x08003204                crsf_parse_frame
 .text.crsf_parse_rc_channels
                0x080032f8       0x90 ./src/lib/protocols/crsf/crsf.o
                0x080032f8                crsf_parse_rc_channels
 .text.crsf_framing_gps
                0x08003388       0xb4 ./src/lib/protocols/crsf/crsf.o
                0x08003388                crsf_framing_gps
 .text.crsf_framing_attitude
                0x0800343c       0x98 ./src/lib/protocols/crsf/crsf.o
                0x0800343c                crsf_framing_attitude
 .text.crsf_framing_voltages
                0x080034d4       0xd8 ./src/lib/protocols/crsf/crsf.o
                0x080034d4                crsf_framing_voltages
 .text.crsf_init_frame_queue
                0x080035ac       0x40 ./src/lib/protocols/crsf/utils/crsf_frame_queue.o
                0x080035ac                crsf_init_frame_queue
 .text.crsf_push_frame_queue
                0x080035ec       0xdc ./src/lib/protocols/crsf/utils/crsf_frame_queue.o
                0x080035ec                crsf_push_frame_queue
 .text.crsf_pop_frame_queue
                0x080036c8       0xe0 ./src/lib/protocols/crsf/utils/crsf_frame_queue.o
                0x080036c8                crsf_pop_frame_queue
 .text.crsf_parse_frames
                0x080037a8       0xd0 ./src/lib/protocols/crsf/utils/crsf_frame_queue.o
                0x080037a8                crsf_parse_frames
 .text.ubx_get_class
                0x08003878       0x34 ./src/lib/protocols/ubx/ubx.o
 .text.ubx_get_id
                0x080038ac       0x34 ./src/lib/protocols/ubx/ubx.o
 .text.ubx_get_len
                0x080038e0       0x3c ./src/lib/protocols/ubx/ubx.o
 .text.ubx_get_frame_length
                0x0800391c       0x3c ./src/lib/protocols/ubx/ubx.o
 .text.ubx_checksum
                0x08003958       0x38 ./src/lib/protocols/ubx/ubx.o
 .text.ubx_set_sync_a
                0x08003990       0x38 ./src/lib/protocols/ubx/ubx.o
 .text.ubx_set_sync_b
                0x080039c8       0x38 ./src/lib/protocols/ubx/ubx.o
 .text.ubx_set_class
                0x08003a00       0x38 ./src/lib/protocols/ubx/ubx.o
 .text.ubx_set_id
                0x08003a38       0x38 ./src/lib/protocols/ubx/ubx.o
 .text.ubx_set_len
                0x08003a70       0x40 ./src/lib/protocols/ubx/ubx.o
 .text.ubx_set_payload
                0x08003ab0       0x64 ./src/lib/protocols/ubx/ubx.o
 .text.ubx_set_ck_a
                0x08003b14       0x44 ./src/lib/protocols/ubx/ubx.o
 .text.ubx_set_ck_b
                0x08003b58       0x44 ./src/lib/protocols/ubx/ubx.o
 .text.ubx_calc_checksum_buf
                0x08003b9c       0x98 ./src/lib/protocols/ubx/ubx.o
                0x08003b9c                ubx_calc_checksum_buf
 .text.ubx_parse_frame
                0x08003c34      0x158 ./src/lib/protocols/ubx/ubx.o
                0x08003c34                ubx_parse_frame
 .text.ubx_parse_nav_pvt
                0x08003d8c      0x1d0 ./src/lib/protocols/ubx/ubx.o
                0x08003d8c                ubx_parse_nav_pvt
 .text.ubx_init_frame_queue
                0x08003f5c       0x40 ./src/lib/protocols/ubx/utils/ubx_frame_queue.o
                0x08003f5c                ubx_init_frame_queue
 .text.ubx_push_frame_queue
                0x08003f9c       0x9c ./src/lib/protocols/ubx/utils/ubx_frame_queue.o
                0x08003f9c                ubx_push_frame_queue
 .text.ubx_pop_frame_queue
                0x08004038       0xa4 ./src/lib/protocols/ubx/utils/ubx_frame_queue.o
                0x08004038                ubx_pop_frame_queue
 .text.ubx_parse_frames
                0x080040dc       0xd0 ./src/lib/protocols/ubx/utils/ubx_frame_queue.o
                0x080040dc                ubx_parse_frames
 .text.main     0x080041ac       0x3a ./src/main.o
                0x080041ac                main
 *fill*         0x080041e6        0x2 
 .text.msgbox_hash
                0x080041e8       0x38 ./src/middleware/msgbox/msgbox.o
 .text.msgbox_hash_name
                0x08004220       0x74 ./src/middleware/msgbox/msgbox.o
 .text.msgbox_find_id
                0x08004294       0xf8 ./src/middleware/msgbox/msgbox.o
 .text.msgbox_find_new_id
                0x0800438c       0xac ./src/middleware/msgbox/msgbox.o
 .text.msgbox_create
                0x08004438       0xe0 ./src/middleware/msgbox/msgbox.o
 .text.msgbox_get
                0x08004518       0x3a ./src/middleware/msgbox/msgbox.o
                0x08004518                msgbox_get
 *fill*         0x08004552        0x2 
 .text.msgbox_publish
                0x08004554       0xb4 ./src/middleware/msgbox/msgbox.o
                0x08004554                msgbox_publish
 .text.msgbox_subscribe
                0x08004608       0x94 ./src/middleware/msgbox/msgbox.o
                0x08004608                msgbox_subscribe
 .text.MX_ADC1_Init
                0x0800469c       0xdc ./src/platform/hal/Core/Src/adc.o
                0x0800469c                MX_ADC1_Init
 .text.HAL_ADC_MspInit
                0x08004778       0xf0 ./src/platform/hal/Core/Src/adc.o
                0x08004778                HAL_ADC_MspInit
 .text.MX_DMA_Init
                0x08004868       0xbc ./src/platform/hal/Core/Src/dma.o
                0x08004868                MX_DMA_Init
 .text.MX_GPIO_Init
                0x08004924      0x170 ./src/platform/hal/Core/Src/gpio.o
                0x08004924                MX_GPIO_Init
 .text.MX_I2C1_Init
                0x08004a94       0x5c ./src/platform/hal/Core/Src/i2c.o
                0x08004a94                MX_I2C1_Init
 .text.HAL_I2C_MspInit
                0x08004af0       0x90 ./src/platform/hal/Core/Src/i2c.o
                0x08004af0                HAL_I2C_MspInit
 .text.MX_SPI2_Init
                0x08004b80       0x6c ./src/platform/hal/Core/Src/spi.o
                0x08004b80                MX_SPI2_Init
 .text.HAL_SPI_MspInit
                0x08004bec       0x90 ./src/platform/hal/Core/Src/spi.o
                0x08004bec                HAL_SPI_MspInit
 .text.HAL_MspInit
                0x08004c7c       0x50 ./src/platform/hal/Core/Src/stm32f4xx_hal_msp.o
                0x08004c7c                HAL_MspInit
 .text.NMI_Handler
                0x08004ccc        0x8 ./src/platform/hal/Core/Src/stm32f4xx_it.o
                0x08004ccc                NMI_Handler
 .text.HardFault_Handler
                0x08004cd4        0x8 ./src/platform/hal/Core/Src/stm32f4xx_it.o
                0x08004cd4                HardFault_Handler
 .text.MemManage_Handler
                0x08004cdc        0x8 ./src/platform/hal/Core/Src/stm32f4xx_it.o
                0x08004cdc                MemManage_Handler
 .text.BusFault_Handler
                0x08004ce4        0x8 ./src/platform/hal/Core/Src/stm32f4xx_it.o
                0x08004ce4                BusFault_Handler
 .text.UsageFault_Handler
                0x08004cec        0x8 ./src/platform/hal/Core/Src/stm32f4xx_it.o
                0x08004cec                UsageFault_Handler
 .text.SVC_Handler
                0x08004cf4        0xe ./src/platform/hal/Core/Src/stm32f4xx_it.o
                0x08004cf4                SVC_Handler
 .text.DebugMon_Handler
                0x08004d02        0xe ./src/platform/hal/Core/Src/stm32f4xx_it.o
                0x08004d02                DebugMon_Handler
 .text.PendSV_Handler
                0x08004d10        0xe ./src/platform/hal/Core/Src/stm32f4xx_it.o
                0x08004d10                PendSV_Handler
 .text.SysTick_Handler
                0x08004d1e        0xc ./src/platform/hal/Core/Src/stm32f4xx_it.o
                0x08004d1e                SysTick_Handler
 *fill*         0x08004d2a        0x2 
 .text.DMA1_Stream5_IRQHandler
                0x08004d2c       0x14 ./src/platform/hal/Core/Src/stm32f4xx_it.o
                0x08004d2c                DMA1_Stream5_IRQHandler
 .text.DMA1_Stream6_IRQHandler
                0x08004d40       0x14 ./src/platform/hal/Core/Src/stm32f4xx_it.o
                0x08004d40                DMA1_Stream6_IRQHandler
 .text.EXTI9_5_IRQHandler
                0x08004d54        0xe ./src/platform/hal/Core/Src/stm32f4xx_it.o
                0x08004d54                EXTI9_5_IRQHandler
 .text.EXTI15_10_IRQHandler
                0x08004d62       0x14 ./src/platform/hal/Core/Src/stm32f4xx_it.o
                0x08004d62                EXTI15_10_IRQHandler
 *fill*         0x08004d76        0x2 
 .text.DMA2_Stream0_IRQHandler
                0x08004d78       0x14 ./src/platform/hal/Core/Src/stm32f4xx_it.o
                0x08004d78                DMA2_Stream0_IRQHandler
 .text.DMA2_Stream1_IRQHandler
                0x08004d8c       0x14 ./src/platform/hal/Core/Src/stm32f4xx_it.o
                0x08004d8c                DMA2_Stream1_IRQHandler
 .text.DMA2_Stream2_IRQHandler
                0x08004da0       0x14 ./src/platform/hal/Core/Src/stm32f4xx_it.o
                0x08004da0                DMA2_Stream2_IRQHandler
 .text.DMA2_Stream6_IRQHandler
                0x08004db4       0x14 ./src/platform/hal/Core/Src/stm32f4xx_it.o
                0x08004db4                DMA2_Stream6_IRQHandler
 .text.DMA2_Stream7_IRQHandler
                0x08004dc8       0x14 ./src/platform/hal/Core/Src/stm32f4xx_it.o
                0x08004dc8                DMA2_Stream7_IRQHandler
 .text._getpid  0x08004ddc       0x10 ./src/platform/hal/Core/Src/syscalls.o
                0x08004ddc                _getpid
 .text._kill    0x08004dec       0x20 ./src/platform/hal/Core/Src/syscalls.o
                0x08004dec                _kill
 .text._exit    0x08004e0c       0x16 ./src/platform/hal/Core/Src/syscalls.o
                0x08004e0c                _exit
 .text._read    0x08004e22       0x3a ./src/platform/hal/Core/Src/syscalls.o
                0x08004e22                _read
 .text._close   0x08004e5c       0x18 ./src/platform/hal/Core/Src/syscalls.o
                0x08004e5c                _close
 .text._fstat   0x08004e74       0x20 ./src/platform/hal/Core/Src/syscalls.o
                0x08004e74                _fstat
 .text._isatty  0x08004e94       0x16 ./src/platform/hal/Core/Src/syscalls.o
                0x08004e94                _isatty
 .text._lseek   0x08004eaa       0x1a ./src/platform/hal/Core/Src/syscalls.o
                0x08004eaa                _lseek
 .text._sbrk    0x08004ec4       0x6c ./src/platform/hal/Core/Src/sysmem.o
                0x08004ec4                _sbrk
 .text.SystemInit
                0x08004f30       0x24 ./src/platform/hal/Core/Src/system_stm32f4xx.o
                0x08004f30                SystemInit
 .text.MX_TIM1_Init
                0x08004f54      0x124 ./src/platform/hal/Core/Src/tim.o
                0x08004f54                MX_TIM1_Init
 .text.MX_TIM2_Init
                0x08005078       0xb0 ./src/platform/hal/Core/Src/tim.o
                0x08005078                MX_TIM2_Init
 .text.MX_TIM3_Init
                0x08005128       0xf4 ./src/platform/hal/Core/Src/tim.o
                0x08005128                MX_TIM3_Init
 .text.MX_TIM4_Init
                0x0800521c       0xc8 ./src/platform/hal/Core/Src/tim.o
                0x0800521c                MX_TIM4_Init
 .text.HAL_TIM_PWM_MspInit
                0x080052e4       0xc4 ./src/platform/hal/Core/Src/tim.o
                0x080052e4                HAL_TIM_PWM_MspInit
 .text.HAL_TIM_MspPostInit
                0x080053a8      0x158 ./src/platform/hal/Core/Src/tim.o
                0x080053a8                HAL_TIM_MspPostInit
 .text.MX_USART1_UART_Init
                0x08005500       0x54 ./src/platform/hal/Core/Src/usart.o
                0x08005500                MX_USART1_UART_Init
 .text.MX_USART2_UART_Init
                0x08005554       0x54 ./src/platform/hal/Core/Src/usart.o
                0x08005554                MX_USART2_UART_Init
 .text.MX_USART6_UART_Init
                0x080055a8       0x54 ./src/platform/hal/Core/Src/usart.o
                0x080055a8                MX_USART6_UART_Init
 .text.HAL_UART_MspInit
                0x080055fc      0x3cc ./src/platform/hal/Core/Src/usart.o
                0x080055fc                HAL_UART_MspInit
 .text.Reset_Handler
                0x080059c8       0x50 ./src/platform/hal/Core/Startup/startup_stm32f411ceux.o
                0x080059c8                Reset_Handler
 .text.Default_Handler
                0x08005a18        0x2 ./src/platform/hal/Core/Startup/startup_stm32f411ceux.o
                0x08005a18                RTC_Alarm_IRQHandler
                0x08005a18                EXTI2_IRQHandler
                0x08005a18                SPI4_IRQHandler
                0x08005a18                TIM1_CC_IRQHandler
                0x08005a18                DMA2_Stream5_IRQHandler
                0x08005a18                PVD_IRQHandler
                0x08005a18                SDIO_IRQHandler
                0x08005a18                TAMP_STAMP_IRQHandler
                0x08005a18                EXTI3_IRQHandler
                0x08005a18                TIM1_UP_TIM10_IRQHandler
                0x08005a18                I2C3_ER_IRQHandler
                0x08005a18                EXTI0_IRQHandler
                0x08005a18                I2C2_EV_IRQHandler
                0x08005a18                DMA1_Stream2_IRQHandler
                0x08005a18                FPU_IRQHandler
                0x08005a18                SPI1_IRQHandler
                0x08005a18                TIM1_BRK_TIM9_IRQHandler
                0x08005a18                DMA2_Stream3_IRQHandler
                0x08005a18                USART6_IRQHandler
                0x08005a18                TIM4_IRQHandler
                0x08005a18                I2C1_EV_IRQHandler
                0x08005a18                DMA1_Stream1_IRQHandler
                0x08005a18                TIM3_IRQHandler
                0x08005a18                RCC_IRQHandler
                0x08005a18                Default_Handler
                0x08005a18                ADC_IRQHandler
                0x08005a18                DMA1_Stream7_IRQHandler
                0x08005a18                SPI5_IRQHandler
                0x08005a18                TIM5_IRQHandler
                0x08005a18                I2C3_EV_IRQHandler
                0x08005a18                RTC_WKUP_IRQHandler
                0x08005a18                SPI2_IRQHandler
                0x08005a18                DMA1_Stream0_IRQHandler
                0x08005a18                EXTI4_IRQHandler
                0x08005a18                WWDG_IRQHandler
                0x08005a18                TIM2_IRQHandler
                0x08005a18                OTG_FS_WKUP_IRQHandler
                0x08005a18                TIM1_TRG_COM_TIM11_IRQHandler
                0x08005a18                EXTI1_IRQHandler
                0x08005a18                USART2_IRQHandler
                0x08005a18                I2C2_ER_IRQHandler
                0x08005a18                FLASH_IRQHandler
                0x08005a18                DMA2_Stream4_IRQHandler
                0x08005a18                USART1_IRQHandler
                0x08005a18                OTG_FS_IRQHandler
                0x08005a18                SPI3_IRQHandler
                0x08005a18                DMA1_Stream4_IRQHandler
                0x08005a18                I2C1_ER_IRQHandler
                0x08005a18                DMA1_Stream3_IRQHandler
 *fill*         0x08005a1a        0x2 
 .text.HAL_Init
                0x08005a1c       0x44 ./src/platform/hal/Drivers/STM32F4xx_HAL_Driver/Src/stm32f4xx_hal.o
                0x08005a1c                HAL_Init
 .text.HAL_InitTick
                0x08005a60       0x60 ./src/platform/hal/Drivers/STM32F4xx_HAL_Driver/Src/stm32f4xx_hal.o
                0x08005a60                HAL_InitTick
 .text.HAL_IncTick
                0x08005ac0       0x28 ./src/platform/hal/Drivers/STM32F4xx_HAL_Driver/Src/stm32f4xx_hal.o
                0x08005ac0                HAL_IncTick
 .text.HAL_GetTick
                0x08005ae8       0x18 ./src/platform/hal/Drivers/STM32F4xx_HAL_Driver/Src/stm32f4xx_hal.o
                0x08005ae8                HAL_GetTick
 .text.HAL_Delay
                0x08005b00       0x48 ./src/platform/hal/Drivers/STM32F4xx_HAL_Driver/Src/stm32f4xx_hal.o
                0x08005b00                HAL_Delay
 .text.HAL_ADC_Init
                0x08005b48       0x86 ./src/platform/hal/Drivers/STM32F4xx_HAL_Driver/Src/stm32f4xx_hal_adc.o
                0x08005b48                HAL_ADC_Init
 *fill*         0x08005bce        0x2 
 .text.HAL_ADC_Start_DMA
                0x08005bd0      0x1e8 ./src/platform/hal/Drivers/STM32F4xx_HAL_Driver/Src/stm32f4xx_hal_adc.o
                0x08005bd0                HAL_ADC_Start_DMA
 .text.HAL_ADC_ConvCpltCallback
                0x08005db8       0x14 ./src/platform/hal/Drivers/STM32F4xx_HAL_Driver/Src/stm32f4xx_hal_adc.o
                0x08005db8                HAL_ADC_ConvCpltCallback
 .text.HAL_ADC_ConvHalfCpltCallback
                0x08005dcc       0x14 ./src/platform/hal/Drivers/STM32F4xx_HAL_Driver/Src/stm32f4xx_hal_adc.o
                0x08005dcc                HAL_ADC_ConvHalfCpltCallback
 .text.HAL_ADC_ErrorCallback
                0x08005de0       0x14 ./src/platform/hal/Drivers/STM32F4xx_HAL_Driver/Src/stm32f4xx_hal_adc.o
                0x08005de0                HAL_ADC_ErrorCallback
 .text.HAL_ADC_ConfigChannel
                0x08005df4      0x264 ./src/platform/hal/Drivers/STM32F4xx_HAL_Driver/Src/stm32f4xx_hal_adc.o
                0x08005df4                HAL_ADC_ConfigChannel
 .text.ADC_Init
                0x08006058      0x1f8 ./src/platform/hal/Drivers/STM32F4xx_HAL_Driver/Src/stm32f4xx_hal_adc.o
 .text.ADC_DMAConvCplt
                0x08006250       0xba ./src/platform/hal/Drivers/STM32F4xx_HAL_Driver/Src/stm32f4xx_hal_adc.o
 .text.ADC_DMAHalfConvCplt
                0x0800630a       0x1c ./src/platform/hal/Drivers/STM32F4xx_HAL_Driver/Src/stm32f4xx_hal_adc.o
 .text.ADC_DMAError
                0x08006326       0x2e ./src/platform/hal/Drivers/STM32F4xx_HAL_Driver/Src/stm32f4xx_hal_adc.o
 .text.__NVIC_SetPriorityGrouping
                0x08006354       0x48 ./src/platform/hal/Drivers/STM32F4xx_HAL_Driver/Src/stm32f4xx_hal_cortex.o
 .text.__NVIC_GetPriorityGrouping
                0x0800639c       0x1c ./src/platform/hal/Drivers/STM32F4xx_HAL_Driver/Src/stm32f4xx_hal_cortex.o
 .text.__NVIC_EnableIRQ
                0x080063b8       0x3c ./src/platform/hal/Drivers/STM32F4xx_HAL_Driver/Src/stm32f4xx_hal_cortex.o
 .text.__NVIC_SetPriority
                0x080063f4       0x54 ./src/platform/hal/Drivers/STM32F4xx_HAL_Driver/Src/stm32f4xx_hal_cortex.o
 .text.NVIC_EncodePriority
                0x08006448       0x66 ./src/platform/hal/Drivers/STM32F4xx_HAL_Driver/Src/stm32f4xx_hal_cortex.o
 *fill*         0x080064ae        0x2 
 .text.SysTick_Config
                0x080064b0       0x44 ./src/platform/hal/Drivers/STM32F4xx_HAL_Driver/Src/stm32f4xx_hal_cortex.o
 .text.HAL_NVIC_SetPriorityGrouping
                0x080064f4       0x16 ./src/platform/hal/Drivers/STM32F4xx_HAL_Driver/Src/stm32f4xx_hal_cortex.o
                0x080064f4                HAL_NVIC_SetPriorityGrouping
 .text.HAL_NVIC_SetPriority
                0x0800650a       0x38 ./src/platform/hal/Drivers/STM32F4xx_HAL_Driver/Src/stm32f4xx_hal_cortex.o
                0x0800650a                HAL_NVIC_SetPriority
 .text.HAL_NVIC_EnableIRQ
                0x08006542       0x1c ./src/platform/hal/Drivers/STM32F4xx_HAL_Driver/Src/stm32f4xx_hal_cortex.o
                0x08006542                HAL_NVIC_EnableIRQ
 .text.HAL_SYSTICK_Config
                0x0800655e       0x18 ./src/platform/hal/Drivers/STM32F4xx_HAL_Driver/Src/stm32f4xx_hal_cortex.o
                0x0800655e                HAL_SYSTICK_Config
 *fill*         0x08006576        0x2 
 .text.HAL_DMA_Init
                0x08006578      0x15c ./src/platform/hal/Drivers/STM32F4xx_HAL_Driver/Src/stm32f4xx_hal_dma.o
                0x08006578                HAL_DMA_Init
 .text.HAL_DMA_Start_IT
                0x080066d4       0xb0 ./src/platform/hal/Drivers/STM32F4xx_HAL_Driver/Src/stm32f4xx_hal_dma.o
                0x080066d4                HAL_DMA_Start_IT
 .text.HAL_DMA_IRQHandler
                0x08006784      0x314 ./src/platform/hal/Drivers/STM32F4xx_HAL_Driver/Src/stm32f4xx_hal_dma.o
                0x08006784                HAL_DMA_IRQHandler
 .text.DMA_SetConfig
                0x08006a98       0x5c ./src/platform/hal/Drivers/STM32F4xx_HAL_Driver/Src/stm32f4xx_hal_dma.o
 .text.DMA_CalcBaseAndBitshift
                0x08006af4       0x6c ./src/platform/hal/Drivers/STM32F4xx_HAL_Driver/Src/stm32f4xx_hal_dma.o
 .text.DMA_CheckFifoParam
                0x08006b60       0xf8 ./src/platform/hal/Drivers/STM32F4xx_HAL_Driver/Src/stm32f4xx_hal_dma.o
 .text.HAL_GPIO_Init
                0x08006c58      0x308 ./src/platform/hal/Drivers/STM32F4xx_HAL_Driver/Src/stm32f4xx_hal_gpio.o
                0x08006c58                HAL_GPIO_Init
 .text.HAL_GPIO_WritePin
                0x08006f60       0x32 ./src/platform/hal/Drivers/STM32F4xx_HAL_Driver/Src/stm32f4xx_hal_gpio.o
                0x08006f60                HAL_GPIO_WritePin
 *fill*         0x08006f92        0x2 
 .text.HAL_GPIO_EXTI_IRQHandler
                0x08006f94       0x30 ./src/platform/hal/Drivers/STM32F4xx_HAL_Driver/Src/stm32f4xx_hal_gpio.o
                0x08006f94                HAL_GPIO_EXTI_IRQHandler
 .text.HAL_GPIO_EXTI_Callback
                0x08006fc4       0x16 ./src/platform/hal/Drivers/STM32F4xx_HAL_Driver/Src/stm32f4xx_hal_gpio.o
                0x08006fc4                HAL_GPIO_EXTI_Callback
 *fill*         0x08006fda        0x2 
 .text.HAL_I2C_Init
                0x08006fdc      0x288 ./src/platform/hal/Drivers/STM32F4xx_HAL_Driver/Src/stm32f4xx_hal_i2c.o
                0x08006fdc                HAL_I2C_Init
 .text.HAL_RCC_OscConfig
                0x08007264      0x4f0 ./src/platform/hal/Drivers/STM32F4xx_HAL_Driver/Src/stm32f4xx_hal_rcc.o
                0x08007264                HAL_RCC_OscConfig
 .text.HAL_RCC_ClockConfig
                0x08007754      0x1cc ./src/platform/hal/Drivers/STM32F4xx_HAL_Driver/Src/stm32f4xx_hal_rcc.o
                0x08007754                HAL_RCC_ClockConfig
 .text.HAL_RCC_GetSysClockFreq
                0x08007920      0x18c ./src/platform/hal/Drivers/STM32F4xx_HAL_Driver/Src/stm32f4xx_hal_rcc.o
                0x08007920                HAL_RCC_GetSysClockFreq
 .text.HAL_RCC_GetHCLKFreq
                0x08007aac       0x18 ./src/platform/hal/Drivers/STM32F4xx_HAL_Driver/Src/stm32f4xx_hal_rcc.o
                0x08007aac                HAL_RCC_GetHCLKFreq
 .text.HAL_RCC_GetPCLK1Freq
                0x08007ac4       0x28 ./src/platform/hal/Drivers/STM32F4xx_HAL_Driver/Src/stm32f4xx_hal_rcc.o
                0x08007ac4                HAL_RCC_GetPCLK1Freq
 .text.HAL_RCC_GetPCLK2Freq
                0x08007aec       0x28 ./src/platform/hal/Drivers/STM32F4xx_HAL_Driver/Src/stm32f4xx_hal_rcc.o
                0x08007aec                HAL_RCC_GetPCLK2Freq
 .text.HAL_SPI_Init
                0x08007b14      0x112 ./src/platform/hal/Drivers/STM32F4xx_HAL_Driver/Src/stm32f4xx_hal_spi.o
                0x08007b14                HAL_SPI_Init
 .text.HAL_SPI_Transmit
                0x08007c26      0x288 ./src/platform/hal/Drivers/STM32F4xx_HAL_Driver/Src/stm32f4xx_hal_spi.o
                0x08007c26                HAL_SPI_Transmit
 .text.HAL_SPI_Receive
                0x08007eae      0x232 ./src/platform/hal/Drivers/STM32F4xx_HAL_Driver/Src/stm32f4xx_hal_spi.o
                0x08007eae                HAL_SPI_Receive
 .text.HAL_SPI_TransmitReceive
                0x080080e0      0x352 ./src/platform/hal/Drivers/STM32F4xx_HAL_Driver/Src/stm32f4xx_hal_spi.o
                0x080080e0                HAL_SPI_TransmitReceive
 *fill*         0x08008432        0x2 
 .text.SPI_WaitFlagStateUntilTimeout
                0x08008434      0x110 ./src/platform/hal/Drivers/STM32F4xx_HAL_Driver/Src/stm32f4xx_hal_spi.o
 .text.SPI_EndRxTransaction
                0x08008544       0xca ./src/platform/hal/Drivers/STM32F4xx_HAL_Driver/Src/stm32f4xx_hal_spi.o
 *fill*         0x0800860e        0x2 
 .text.SPI_EndRxTxTransaction
                0x08008610       0xa8 ./src/platform/hal/Drivers/STM32F4xx_HAL_Driver/Src/stm32f4xx_hal_spi.o
 .text.HAL_TIM_PWM_Init
                0x080086b8       0x9e ./src/platform/hal/Drivers/STM32F4xx_HAL_Driver/Src/stm32f4xx_hal_tim.o
                0x080086b8                HAL_TIM_PWM_Init
 *fill*         0x08008756        0x2 
 .text.HAL_TIM_PWM_Start
                0x08008758      0x160 ./src/platform/hal/Drivers/STM32F4xx_HAL_Driver/Src/stm32f4xx_hal_tim.o
                0x08008758                HAL_TIM_PWM_Start
 .text.HAL_TIM_PWM_ConfigChannel
                0x080088b8      0x184 ./src/platform/hal/Drivers/STM32F4xx_HAL_Driver/Src/stm32f4xx_hal_tim.o
                0x080088b8                HAL_TIM_PWM_ConfigChannel
 .text.TIM_Base_SetConfig
                0x08008a3c      0x10c ./src/platform/hal/Drivers/STM32F4xx_HAL_Driver/Src/stm32f4xx_hal_tim.o
                0x08008a3c                TIM_Base_SetConfig
 .text.TIM_OC1_SetConfig
                0x08008b48       0xcc ./src/platform/hal/Drivers/STM32F4xx_HAL_Driver/Src/stm32f4xx_hal_tim.o
 .text.TIM_OC2_SetConfig
                0x08008c14       0xd8 ./src/platform/hal/Drivers/STM32F4xx_HAL_Driver/Src/stm32f4xx_hal_tim.o
                0x08008c14                TIM_OC2_SetConfig
 .text.TIM_OC3_SetConfig
                0x08008cec       0xd4 ./src/platform/hal/Drivers/STM32F4xx_HAL_Driver/Src/stm32f4xx_hal_tim.o
 .text.TIM_OC4_SetConfig
                0x08008dc0       0xa0 ./src/platform/hal/Drivers/STM32F4xx_HAL_Driver/Src/stm32f4xx_hal_tim.o
 .text.TIM_CCxChannelCmd
                0x08008e60       0x4a ./src/platform/hal/Drivers/STM32F4xx_HAL_Driver/Src/stm32f4xx_hal_tim.o
                0x08008e60                TIM_CCxChannelCmd
 *fill*         0x08008eaa        0x2 
 .text.HAL_TIMEx_MasterConfigSynchronization
                0x08008eac       0xdc ./src/platform/hal/Drivers/STM32F4xx_HAL_Driver/Src/stm32f4xx_hal_tim_ex.o
                0x08008eac                HAL_TIMEx_MasterConfigSynchronization
 .text.HAL_TIMEx_ConfigBreakDeadTime
                0x08008f88       0xa4 ./src/platform/hal/Drivers/STM32F4xx_HAL_Driver/Src/stm32f4xx_hal_tim_ex.o
                0x08008f88                HAL_TIMEx_ConfigBreakDeadTime
 .text.HAL_UART_Init
                0x0800902c       0xa0 ./src/platform/hal/Drivers/STM32F4xx_HAL_Driver/Src/stm32f4xx_hal_uart.o
                0x0800902c                HAL_UART_Init
 .text.HAL_UART_Transmit
                0x080090cc      0x116 ./src/platform/hal/Drivers/STM32F4xx_HAL_Driver/Src/stm32f4xx_hal_uart.o
                0x080090cc                HAL_UART_Transmit
 .text.HAL_UART_Receive_DMA
                0x080091e2       0x4a ./src/platform/hal/Drivers/STM32F4xx_HAL_Driver/Src/stm32f4xx_hal_uart.o
                0x080091e2                HAL_UART_Receive_DMA
 .text.HAL_UART_RxHalfCpltCallback
                0x0800922c       0x14 ./src/platform/hal/Drivers/STM32F4xx_HAL_Driver/Src/stm32f4xx_hal_uart.o
                0x0800922c                HAL_UART_RxHalfCpltCallback
 .text.HAL_UARTEx_RxEventCallback
                0x08009240       0x18 ./src/platform/hal/Drivers/STM32F4xx_HAL_Driver/Src/stm32f4xx_hal_uart.o
                0x08009240                HAL_UARTEx_RxEventCallback
 .text.UART_DMAReceiveCplt
                0x08009258      0x12c ./src/platform/hal/Drivers/STM32F4xx_HAL_Driver/Src/stm32f4xx_hal_uart.o
 .text.UART_DMARxHalfCplt
                0x08009384       0x3c ./src/platform/hal/Drivers/STM32F4xx_HAL_Driver/Src/stm32f4xx_hal_uart.o
 .text.UART_DMAError
                0x080093c0       0x94 ./src/platform/hal/Drivers/STM32F4xx_HAL_Driver/Src/stm32f4xx_hal_uart.o
 .text.UART_WaitOnFlagUntilTimeout
                0x08009454       0xb2 ./src/platform/hal/Drivers/STM32F4xx_HAL_Driver/Src/stm32f4xx_hal_uart.o
 *fill*         0x08009506        0x2 
 .text.UART_Start_Receive_DMA
                0x08009508      0x14c ./src/platform/hal/Drivers/STM32F4xx_HAL_Driver/Src/stm32f4xx_hal_uart.o
                0x08009508                UART_Start_Receive_DMA
 .text.UART_EndTxTransfer
                0x08009654       0x50 ./src/platform/hal/Drivers/STM32F4xx_HAL_Driver/Src/stm32f4xx_hal_uart.o
 .text.UART_EndRxTransfer
                0x080096a4       0xc6 ./src/platform/hal/Drivers/STM32F4xx_HAL_Driver/Src/stm32f4xx_hal_uart.o
 *fill*         0x0800976a        0x2 
 .text.UART_SetConfig
                0x0800976c      0x4e8 ./src/platform/hal/Drivers/STM32F4xx_HAL_Driver/Src/stm32f4xx_hal_uart.o
 .text.platform_hal_init
                0x08009c54       0x40 ./src/platform/hal/platform_hal.o
                0x08009c54                platform_hal_init
 .text.SystemClock_Config
                0x08009c94       0xd0 ./src/platform/hal/platform_hal.o
                0x08009c94                SystemClock_Config
 .text.Error_Handler
                0x08009d64        0xc ./src/platform/hal/platform_hal.o
                0x08009d64                Error_Handler
 .text.__assert_func
                0x08009d70       0x3c C:/ST/STM32CubeIDE_1.19.0/STM32CubeIDE/plugins/com.st.stm32cube.ide.mcu.externaltools.gnu-tools-for-stm32.13.3.rel1.win32_1.0.100.202509120712/tools/bin/../lib/gcc/arm-none-eabi/13.3.1/../../../../arm-none-eabi/lib/thumb/v7e-m+fp/hard\libc_nano.a(libc_a-assert.o)
                0x08009d70                __assert_func
 .text.std      0x08009dac       0x6c C:/ST/STM32CubeIDE_1.19.0/STM32CubeIDE/plugins/com.st.stm32cube.ide.mcu.externaltools.gnu-tools-for-stm32.13.3.rel1.win32_1.0.100.202509120712/tools/bin/../lib/gcc/arm-none-eabi/13.3.1/../../../../arm-none-eabi/lib/thumb/v7e-m+fp/hard\libc_nano.a(libc_a-findfp.o)
 .text.stdio_exit_handler
                0x08009e18       0x18 C:/ST/STM32CubeIDE_1.19.0/STM32CubeIDE/plugins/com.st.stm32cube.ide.mcu.externaltools.gnu-tools-for-stm32.13.3.rel1.win32_1.0.100.202509120712/tools/bin/../lib/gcc/arm-none-eabi/13.3.1/../../../../arm-none-eabi/lib/thumb/v7e-m+fp/hard\libc_nano.a(libc_a-findfp.o)
 .text.cleanup_stdio
                0x08009e30       0x40 C:/ST/STM32CubeIDE_1.19.0/STM32CubeIDE/plugins/com.st.stm32cube.ide.mcu.externaltools.gnu-tools-for-stm32.13.3.rel1.win32_1.0.100.202509120712/tools/bin/../lib/gcc/arm-none-eabi/13.3.1/../../../../arm-none-eabi/lib/thumb/v7e-m+fp/hard\libc_nano.a(libc_a-findfp.o)
 .text.global_stdio_init.part.0
                0x08009e70       0x3c C:/ST/STM32CubeIDE_1.19.0/STM32CubeIDE/plugins/com.st.stm32cube.ide.mcu.externaltools.gnu-tools-for-stm32.13.3.rel1.win32_1.0.100.202509120712/tools/bin/../lib/gcc/arm-none-eabi/13.3.1/../../../../arm-none-eabi/lib/thumb/v7e-m+fp/hard\libc_nano.a(libc_a-findfp.o)
 .text.__sfp_lock_acquire
                0x08009eac        0xc C:/ST/STM32CubeIDE_1.19.0/STM32CubeIDE/plugins/com.st.stm32cube.ide.mcu.externaltools.gnu-tools-for-stm32.13.3.rel1.win32_1.0.100.202509120712/tools/bin/../lib/gcc/arm-none-eabi/13.3.1/../../../../arm-none-eabi/lib/thumb/v7e-m+fp/hard\libc_nano.a(libc_a-findfp.o)
                0x08009eac                __sfp_lock_acquire
 .text.__sfp_lock_release
                0x08009eb8        0xc C:/ST/STM32CubeIDE_1.19.0/STM32CubeIDE/plugins/com.st.stm32cube.ide.mcu.externaltools.gnu-tools-for-stm32.13.3.rel1.win32_1.0.100.202509120712/tools/bin/../lib/gcc/arm-none-eabi/13.3.1/../../../../arm-none-eabi/lib/thumb/v7e-m+fp/hard\libc_nano.a(libc_a-findfp.o)
                0x08009eb8                __sfp_lock_release
 .text.__sinit  0x08009ec4       0x30 C:/ST/STM32CubeIDE_1.19.0/STM32CubeIDE/plugins/com.st.stm32cube.ide.mcu.externaltools.gnu-tools-for-stm32.13.3.rel1.win32_1.0.100.202509120712/tools/bin/../lib/gcc/arm-none-eabi/13.3.1/../../../../arm-none-eabi/lib/thumb/v7e-m+fp/hard\libc_nano.a(libc_a-findfp.o)
                0x08009ec4                __sinit
 .text.fprintf  0x08009ef4       0x24 C:/ST/STM32CubeIDE_1.19.0/STM32CubeIDE/plugins/com.st.stm32cube.ide.mcu.externaltools.gnu-tools-for-stm32.13.3.rel1.win32_1.0.100.202509120712/tools/bin/../lib/gcc/arm-none-eabi/13.3.1/../../../../arm-none-eabi/lib/thumb/v7e-m+fp/hard\libc_nano.a(libc_a-fprintf.o)
                0x08009ef4                fiprintf
                0x08009ef4                fprintf
 .text._fwalk_sglue
                0x08009f18       0x3c C:/ST/STM32CubeIDE_1.19.0/STM32CubeIDE/plugins/com.st.stm32cube.ide.mcu.externaltools.gnu-tools-for-stm32.13.3.rel1.win32_1.0.100.202509120712/tools/bin/../lib/gcc/arm-none-eabi/13.3.1/../../../../arm-none-eabi/lib/thumb/v7e-m+fp/hard\libc_nano.a(libc_a-fwalk.o)
                0x08009f18                _fwalk_sglue
 .text.__sread  0x08009f54       0x22 C:/ST/STM32CubeIDE_1.19.0/STM32CubeIDE/plugins/com.st.stm32cube.ide.mcu.externaltools.gnu-tools-for-stm32.13.3.rel1.win32_1.0.100.202509120712/tools/bin/../lib/gcc/arm-none-eabi/13.3.1/../../../../arm-none-eabi/lib/thumb/v7e-m+fp/hard\libc_nano.a(libc_a-stdio.o)
                0x08009f54                __sread
 .text.__swrite
                0x08009f76       0x38 C:/ST/STM32CubeIDE_1.19.0/STM32CubeIDE/plugins/com.st.stm32cube.ide.mcu.externaltools.gnu-tools-for-stm32.13.3.rel1.win32_1.0.100.202509120712/tools/bin/../lib/gcc/arm-none-eabi/13.3.1/../../../../arm-none-eabi/lib/thumb/v7e-m+fp/hard\libc_nano.a(libc_a-stdio.o)
                0x08009f76                __swrite
 .text.__sseek  0x08009fae       0x24 C:/ST/STM32CubeIDE_1.19.0/STM32CubeIDE/plugins/com.st.stm32cube.ide.mcu.externaltools.gnu-tools-for-stm32.13.3.rel1.win32_1.0.100.202509120712/tools/bin/../lib/gcc/arm-none-eabi/13.3.1/../../../../arm-none-eabi/lib/thumb/v7e-m+fp/hard\libc_nano.a(libc_a-stdio.o)
                0x08009fae                __sseek
 .text.__sclose
                0x08009fd2        0x8 C:/ST/STM32CubeIDE_1.19.0/STM32CubeIDE/plugins/com.st.stm32cube.ide.mcu.externaltools.gnu-tools-for-stm32.13.3.rel1.win32_1.0.100.202509120712/tools/bin/../lib/gcc/arm-none-eabi/13.3.1/../../../../arm-none-eabi/lib/thumb/v7e-m+fp/hard\libc_nano.a(libc_a-stdio.o)
                0x08009fd2                __sclose
 .text.memset   0x08009fda       0x10 C:/ST/STM32CubeIDE_1.19.0/STM32CubeIDE/plugins/com.st.stm32cube.ide.mcu.externaltools.gnu-tools-for-stm32.13.3.rel1.win32_1.0.100.202509120712/tools/bin/../lib/gcc/arm-none-eabi/13.3.1/../../../../arm-none-eabi/lib/thumb/v7e-m+fp/hard\libc_nano.a(libc_a-memset.o)
                0x08009fda                memset
 .text.strncmp  0x08009fea       0x24 C:/ST/STM32CubeIDE_1.19.0/STM32CubeIDE/plugins/com.st.stm32cube.ide.mcu.externaltools.gnu-tools-for-stm32.13.3.rel1.win32_1.0.100.202509120712/tools/bin/../lib/gcc/arm-none-eabi/13.3.1/../../../../arm-none-eabi/lib/thumb/v7e-m+fp/hard\libc_nano.a(libc_a-strncmp.o)
                0x08009fea                strncmp
 .text.strncpy  0x0800a00e       0x26 C:/ST/STM32CubeIDE_1.19.0/STM32CubeIDE/plugins/com.st.stm32cube.ide.mcu.externaltools.gnu-tools-for-stm32.13.3.rel1.win32_1.0.100.202509120712/tools/bin/../lib/gcc/arm-none-eabi/13.3.1/../../../../arm-none-eabi/lib/thumb/v7e-m+fp/hard\libc_nano.a(libc_a-strncpy.o)
                0x0800a00e                strncpy
 .text._close_r
                0x0800a034       0x20 C:/ST/STM32CubeIDE_1.19.0/STM32CubeIDE/plugins/com.st.stm32cube.ide.mcu.externaltools.gnu-tools-for-stm32.13.3.rel1.win32_1.0.100.202509120712/tools/bin/../lib/gcc/arm-none-eabi/13.3.1/../../../../arm-none-eabi/lib/thumb/v7e-m+fp/hard\libc_nano.a(libc_a-closer.o)
                0x0800a034                _close_r
 .text._lseek_r
                0x0800a054       0x24 C:/ST/STM32CubeIDE_1.19.0/STM32CubeIDE/plugins/com.st.stm32cube.ide.mcu.externaltools.gnu-tools-for-stm32.13.3.rel1.win32_1.0.100.202509120712/tools/bin/../lib/gcc/arm-none-eabi/13.3.1/../../../../arm-none-eabi/lib/thumb/v7e-m+fp/hard\libc_nano.a(libc_a-lseekr.o)
                0x0800a054                _lseek_r
 .text._read_r  0x0800a078       0x24 C:/ST/STM32CubeIDE_1.19.0/STM32CubeIDE/plugins/com.st.stm32cube.ide.mcu.externaltools.gnu-tools-for-stm32.13.3.rel1.win32_1.0.100.202509120712/tools/bin/../lib/gcc/arm-none-eabi/13.3.1/../../../../arm-none-eabi/lib/thumb/v7e-m+fp/hard\libc_nano.a(libc_a-readr.o)
                0x0800a078                _read_r
 .text._write_r
                0x0800a09c       0x24 C:/ST/STM32CubeIDE_1.19.0/STM32CubeIDE/plugins/com.st.stm32cube.ide.mcu.externaltools.gnu-tools-for-stm32.13.3.rel1.win32_1.0.100.202509120712/tools/bin/../lib/gcc/arm-none-eabi/13.3.1/../../../../arm-none-eabi/lib/thumb/v7e-m+fp/hard\libc_nano.a(libc_a-writer.o)
                0x0800a09c                _write_r
 .text.__errno  0x0800a0c0        0xc C:/ST/STM32CubeIDE_1.19.0/STM32CubeIDE/plugins/com.st.stm32cube.ide.mcu.externaltools.gnu-tools-for-stm32.13.3.rel1.win32_1.0.100.202509120712/tools/bin/../lib/gcc/arm-none-eabi/13.3.1/../../../../arm-none-eabi/lib/thumb/v7e-m+fp/hard\libc_nano.a(libc_a-errno.o)
                0x0800a0c0                __errno
 .text.__libc_init_array
                0x0800a0cc       0x48 C:/ST/STM32CubeIDE_1.19.0/STM32CubeIDE/plugins/com.st.stm32cube.ide.mcu.externaltools.gnu-tools-for-stm32.13.3.rel1.win32_1.0.100.202509120712/tools/bin/../lib/gcc/arm-none-eabi/13.3.1/../../../../arm-none-eabi/lib/thumb/v7e-m+fp/hard\libc_nano.a(libc_a-init.o)
                0x0800a0cc                __libc_init_array
 .text.__retarget_lock_init_recursive
                0x0800a114        0x2 C:/ST/STM32CubeIDE_1.19.0/STM32CubeIDE/plugins/com.st.stm32cube.ide.mcu.externaltools.gnu-tools-for-stm32.13.3.rel1.win32_1.0.100.202509120712/tools/bin/../lib/gcc/arm-none-eabi/13.3.1/../../../../arm-none-eabi/lib/thumb/v7e-m+fp/hard\libc_nano.a(libc_a-lock.o)
                0x0800a114                __retarget_lock_init_recursive
 .text.__retarget_lock_acquire_recursive
                0x0800a116        0x2 C:/ST/STM32CubeIDE_1.19.0/STM32CubeIDE/plugins/com.st.stm32cube.ide.mcu.externaltools.gnu-tools-for-stm32.13.3.rel1.win32_1.0.100.202509120712/tools/bin/../lib/gcc/arm-none-eabi/13.3.1/../../../../arm-none-eabi/lib/thumb/v7e-m+fp/hard\libc_nano.a(libc_a-lock.o)
                0x0800a116                __retarget_lock_acquire_recursive
 .text.__retarget_lock_release_recursive
                0x0800a118        0x2 C:/ST/STM32CubeIDE_1.19.0/STM32CubeIDE/plugins/com.st.stm32cube.ide.mcu.externaltools.gnu-tools-for-stm32.13.3.rel1.win32_1.0.100.202509120712/tools/bin/../lib/gcc/arm-none-eabi/13.3.1/../../../../arm-none-eabi/lib/thumb/v7e-m+fp/hard\libc_nano.a(libc_a-lock.o)
                0x0800a118                __retarget_lock_release_recursive
 .text.memcpy   0x0800a11a       0x1c C:/ST/STM32CubeIDE_1.19.0/STM32CubeIDE/plugins/com.st.stm32cube.ide.mcu.externaltools.gnu-tools-for-stm32.13.3.rel1.win32_1.0.100.202509120712/tools/bin/../lib/gcc/arm-none-eabi/13.3.1/../../../../arm-none-eabi/lib/thumb/v7e-m+fp/hard\libc_nano.a(libc_a-memcpy-stub.o)
                0x0800a11a                memcpy
 .text.abort    0x0800a136        0xe C:/ST/STM32CubeIDE_1.19.0/STM32CubeIDE/plugins/com.st.stm32cube.ide.mcu.externaltools.gnu-tools-for-stm32.13.3.rel1.win32_1.0.100.202509120712/tools/bin/../lib/gcc/arm-none-eabi/13.3.1/../../../../arm-none-eabi/lib/thumb/v7e-m+fp/hard\libc_nano.a(libc_a-abort.o)
                0x0800a136                abort
 .text._free_r  0x0800a144       0x94 C:/ST/STM32CubeIDE_1.19.0/STM32CubeIDE/plugins/com.st.stm32cube.ide.mcu.externaltools.gnu-tools-for-stm32.13.3.rel1.win32_1.0.100.202509120712/tools/bin/../lib/gcc/arm-none-eabi/13.3.1/../../../../arm-none-eabi/lib/thumb/v7e-m+fp/hard\libc_nano.a(libc_a-freer.o)
                0x0800a144                _free_r
 .text.sbrk_aligned
                0x0800a1d8       0x44 C:/ST/STM32CubeIDE_1.19.0/STM32CubeIDE/plugins/com.st.stm32cube.ide.mcu.externaltools.gnu-tools-for-stm32.13.3.rel1.win32_1.0.100.202509120712/tools/bin/../lib/gcc/arm-none-eabi/13.3.1/../../../../arm-none-eabi/lib/thumb/v7e-m+fp/hard\libc_nano.a(libc_a-mallocr.o)
 .text._malloc_r
                0x0800a21c      0x100 C:/ST/STM32CubeIDE_1.19.0/STM32CubeIDE/plugins/com.st.stm32cube.ide.mcu.externaltools.gnu-tools-for-stm32.13.3.rel1.win32_1.0.100.202509120712/tools/bin/../lib/gcc/arm-none-eabi/13.3.1/../../../../arm-none-eabi/lib/thumb/v7e-m+fp/hard\libc_nano.a(libc_a-mallocr.o)
                0x0800a21c                _malloc_r
 .text.__malloc_lock
                0x0800a31c        0xc C:/ST/STM32CubeIDE_1.19.0/STM32CubeIDE/plugins/com.st.stm32cube.ide.mcu.externaltools.gnu-tools-for-stm32.13.3.rel1.win32_1.0.100.202509120712/tools/bin/../lib/gcc/arm-none-eabi/13.3.1/../../../../arm-none-eabi/lib/thumb/v7e-m+fp/hard\libc_nano.a(libc_a-mlock.o)
                0x0800a31c                __malloc_lock
 .text.__malloc_unlock
                0x0800a328        0xc C:/ST/STM32CubeIDE_1.19.0/STM32CubeIDE/plugins/com.st.stm32cube.ide.mcu.externaltools.gnu-tools-for-stm32.13.3.rel1.win32_1.0.100.202509120712/tools/bin/../lib/gcc/arm-none-eabi/13.3.1/../../../../arm-none-eabi/lib/thumb/v7e-m+fp/hard\libc_nano.a(libc_a-mlock.o)
                0x0800a328                __malloc_unlock
 .text.__sfputc_r
                0x0800a334       0x2e C:/ST/STM32CubeIDE_1.19.0/STM32CubeIDE/plugins/com.st.stm32cube.ide.mcu.externaltools.gnu-tools-for-stm32.13.3.rel1.win32_1.0.100.202509120712/tools/bin/../lib/gcc/arm-none-eabi/13.3.1/../../../../arm-none-eabi/lib/thumb/v7e-m+fp/hard\libc_nano.a(libc_a-nano-vfprintf.o)
 .text.__sfputs_r
                0x0800a362       0x24 C:/ST/STM32CubeIDE_1.19.0/STM32CubeIDE/plugins/com.st.stm32cube.ide.mcu.externaltools.gnu-tools-for-stm32.13.3.rel1.win32_1.0.100.202509120712/tools/bin/../lib/gcc/arm-none-eabi/13.3.1/../../../../arm-none-eabi/lib/thumb/v7e-m+fp/hard\libc_nano.a(libc_a-nano-vfprintf.o)
                0x0800a362                __sfputs_r
 *fill*         0x0800a386        0x2 
 .text._vfprintf_r
                0x0800a388      0x230 C:/ST/STM32CubeIDE_1.19.0/STM32CubeIDE/plugins/com.st.stm32cube.ide.mcu.externaltools.gnu-tools-for-stm32.13.3.rel1.win32_1.0.100.202509120712/tools/bin/../lib/gcc/arm-none-eabi/13.3.1/../../../../arm-none-eabi/lib/thumb/v7e-m+fp/hard\libc_nano.a(libc_a-nano-vfprintf.o)
                0x0800a388                _vfprintf_r
                0x0800a388                _vfiprintf_r
 .text._printf_common
                0x0800a5b8       0xda C:/ST/STM32CubeIDE_1.19.0/STM32CubeIDE/plugins/com.st.stm32cube.ide.mcu.externaltools.gnu-tools-for-stm32.13.3.rel1.win32_1.0.100.202509120712/tools/bin/../lib/gcc/arm-none-eabi/13.3.1/../../../../arm-none-eabi/lib/thumb/v7e-m+fp/hard\libc_nano.a(libc_a-nano-vfprintf_i.o)
                0x0800a5b8                _printf_common
 *fill*         0x0800a692        0x2 
 .text._printf_i
                0x0800a694      0x23c C:/ST/STM32CubeIDE_1.19.0/STM32CubeIDE/plugins/com.st.stm32cube.ide.mcu.externaltools.gnu-tools-for-stm32.13.3.rel1.win32_1.0.100.202509120712/tools/bin/../lib/gcc/arm-none-eabi/13.3.1/../../../../arm-none-eabi/lib/thumb/v7e-m+fp/hard\libc_nano.a(libc_a-nano-vfprintf_i.o)
                0x0800a694                _printf_i
 .text.__sflush_r
                0x0800a8d0      0x108 C:/ST/STM32CubeIDE_1.19.0/STM32CubeIDE/plugins/com.st.stm32cube.ide.mcu.externaltools.gnu-tools-for-stm32.13.3.rel1.win32_1.0.100.202509120712/tools/bin/../lib/gcc/arm-none-eabi/13.3.1/../../../../arm-none-eabi/lib/thumb/v7e-m+fp/hard\libc_nano.a(libc_a-fflush.o)
                0x0800a8d0                __sflush_r
 .text._fflush_r
                0x0800a9d8       0x50 C:/ST/STM32CubeIDE_1.19.0/STM32CubeIDE/plugins/com.st.stm32cube.ide.mcu.externaltools.gnu-tools-for-stm32.13.3.rel1.win32_1.0.100.202509120712/tools/bin/../lib/gcc/arm-none-eabi/13.3.1/../../../../arm-none-eabi/lib/thumb/v7e-m+fp/hard\libc_nano.a(libc_a-fflush.o)
                0x0800a9d8                _fflush_r
 .text.__swbuf_r
                0x0800aa28       0x7c C:/ST/STM32CubeIDE_1.19.0/STM32CubeIDE/plugins/com.st.stm32cube.ide.mcu.externaltools.gnu-tools-for-stm32.13.3.rel1.win32_1.0.100.202509120712/tools/bin/../lib/gcc/arm-none-eabi/13.3.1/../../../../arm-none-eabi/lib/thumb/v7e-m+fp/hard\libc_nano.a(libc_a-wbuf.o)
                0x0800aa28                __swbuf_r
 .text.__swsetup_r
                0x0800aaa4       0xac C:/ST/STM32CubeIDE_1.19.0/STM32CubeIDE/plugins/com.st.stm32cube.ide.mcu.externaltools.gnu-tools-for-stm32.13.3.rel1.win32_1.0.100.202509120712/tools/bin/../lib/gcc/arm-none-eabi/13.3.1/../../../../arm-none-eabi/lib/thumb/v7e-m+fp/hard\libc_nano.a(libc_a-wsetup.o)
                0x0800aaa4                __swsetup_r
 .text._raise_r
                0x0800ab50       0x50 C:/ST/STM32CubeIDE_1.19.0/STM32CubeIDE/plugins/com.st.stm32cube.ide.mcu.externaltools.gnu-tools-for-stm32.13.3.rel1.win32_1.0.100.202509120712/tools/bin/../lib/gcc/arm-none-eabi/13.3.1/../../../../arm-none-eabi/lib/thumb/v7e-m+fp/hard\libc_nano.a(libc_a-signal.o)
                0x0800ab50                _raise_r
 .text.raise    0x0800aba0       0x10 C:/ST/STM32CubeIDE_1.19.0/STM32CubeIDE/plugins/com.st.stm32cube.ide.mcu.externaltools.gnu-tools-for-stm32.13.3.rel1.win32_1.0.100.202509120712/tools/bin/../lib/gcc/arm-none-eabi/13.3.1/../../../../arm-none-eabi/lib/thumb/v7e-m+fp/hard\libc_nano.a(libc_a-signal.o)
                0x0800aba0                raise
 .text._kill_r  0x0800abb0       0x24 C:/ST/STM32CubeIDE_1.19.0/STM32CubeIDE/plugins/com.st.stm32cube.ide.mcu.externaltools.gnu-tools-for-stm32.13.3.rel1.win32_1.0.100.202509120712/tools/bin/../lib/gcc/arm-none-eabi/13.3.1/../../../../arm-none-eabi/lib/thumb/v7e-m+fp/hard\libc_nano.a(libc_a-signalr.o)
                0x0800abb0                _kill_r
 .text._getpid_r
                0x0800abd4        0x4 C:/ST/STM32CubeIDE_1.19.0/STM32CubeIDE/plugins/com.st.stm32cube.ide.mcu.externaltools.gnu-tools-for-stm32.13.3.rel1.win32_1.0.100.202509120712/tools/bin/../lib/gcc/arm-none-eabi/13.3.1/../../../../arm-none-eabi/lib/thumb/v7e-m+fp/hard\libc_nano.a(libc_a-signalr.o)
                0x0800abd4                _getpid_r
 .text._sbrk_r  0x0800abd8       0x20 C:/ST/STM32CubeIDE_1.19.0/STM32CubeIDE/plugins/com.st.stm32cube.ide.mcu.externaltools.gnu-tools-for-stm32.13.3.rel1.win32_1.0.100.202509120712/tools/bin/../lib/gcc/arm-none-eabi/13.3.1/../../../../arm-none-eabi/lib/thumb/v7e-m+fp/hard\libc_nano.a(libc_a-sbrkr.o)
                0x0800abd8                _sbrk_r
 .text.__swhatbuf_r
                0x0800abf8       0x4c C:/ST/STM32CubeIDE_1.19.0/STM32CubeIDE/plugins/com.st.stm32cube.ide.mcu.externaltools.gnu-tools-for-stm32.13.3.rel1.win32_1.0.100.202509120712/tools/bin/../lib/gcc/arm-none-eabi/13.3.1/../../../../arm-none-eabi/lib/thumb/v7e-m+fp/hard\libc_nano.a(libc_a-makebuf.o)
                0x0800abf8                __swhatbuf_r
 .text.__smakebuf_r
                0x0800ac44       0x78 C:/ST/STM32CubeIDE_1.19.0/STM32CubeIDE/plugins/com.st.stm32cube.ide.mcu.externaltools.gnu-tools-for-stm32.13.3.rel1.win32_1.0.100.202509120712/tools/bin/../lib/gcc/arm-none-eabi/13.3.1/../../../../arm-none-eabi/lib/thumb/v7e-m+fp/hard\libc_nano.a(libc_a-makebuf.o)
                0x0800ac44                __smakebuf_r
 .text._fstat_r
                0x0800acbc       0x24 C:/ST/STM32CubeIDE_1.19.0/STM32CubeIDE/plugins/com.st.stm32cube.ide.mcu.externaltools.gnu-tools-for-stm32.13.3.rel1.win32_1.0.100.202509120712/tools/bin/../lib/gcc/arm-none-eabi/13.3.1/../../../../arm-none-eabi/lib/thumb/v7e-m+fp/hard\libc_nano.a(libc_a-fstatr.o)
                0x0800acbc                _fstat_r
 .text._isatty_r
                0x0800ace0       0x20 C:/ST/STM32CubeIDE_1.19.0/STM32CubeIDE/plugins/com.st.stm32cube.ide.mcu.externaltools.gnu-tools-for-stm32.13.3.rel1.win32_1.0.100.202509120712/tools/bin/../lib/gcc/arm-none-eabi/13.3.1/../../../../arm-none-eabi/lib/thumb/v7e-m+fp/hard\libc_nano.a(libc_a-isattyr.o)
                0x0800ace0                _isatty_r
 .text.atan2f   0x0800ad00        0x4 C:/ST/STM32CubeIDE_1.19.0/STM32CubeIDE/plugins/com.st.stm32cube.ide.mcu.externaltools.gnu-tools-for-stm32.13.3.rel1.win32_1.0.100.202509120712/tools/bin/../lib/gcc/arm-none-eabi/13.3.1/../../../../arm-none-eabi/lib/thumb/v7e-m+fp/hard\libm.a(libm_a-wf_atan2.o)
                0x0800ad00                atan2f
 .text.sqrtf    0x0800ad04       0x3c C:/ST/STM32CubeIDE_1.19.0/STM32CubeIDE/plugins/com.st.stm32cube.ide.mcu.externaltools.gnu-tools-for-stm32.13.3.rel1.win32_1.0.100.202509120712/tools/bin/../lib/gcc/arm-none-eabi/13.3.1/../../../../arm-none-eabi/lib/thumb/v7e-m+fp/hard\libm.a(libm_a-wf_sqrt.o)
                0x0800ad04                sqrtf
 .text.sinf     0x0800ad40       0x8c C:/ST/STM32CubeIDE_1.19.0/STM32CubeIDE/plugins/com.st.stm32cube.ide.mcu.externaltools.gnu-tools-for-stm32.13.3.rel1.win32_1.0.100.202509120712/tools/bin/../lib/gcc/arm-none-eabi/13.3.1/../../../../arm-none-eabi/lib/thumb/v7e-m+fp/hard\libm.a(libm_a-sf_sin.o)
                0x0800ad40                sinf
 .text.__ieee754_sqrtf
                0x0800adcc        0x6 C:/ST/STM32CubeIDE_1.19.0/STM32CubeIDE/plugins/com.st.stm32cube.ide.mcu.externaltools.gnu-tools-for-stm32.13.3.rel1.win32_1.0.100.202509120712/tools/bin/../lib/gcc/arm-none-eabi/13.3.1/../../../../arm-none-eabi/lib/thumb/v7e-m+fp/hard\libm.a(libm_a-ef_sqrt.o)
                0x0800adcc                __ieee754_sqrtf
 *fill*         0x0800add2        0x2 
 .text.__kernel_cosf
                0x0800add4       0xb0 C:/ST/STM32CubeIDE_1.19.0/STM32CubeIDE/plugins/com.st.stm32cube.ide.mcu.externaltools.gnu-tools-for-stm32.13.3.rel1.win32_1.0.100.202509120712/tools/bin/../lib/gcc/arm-none-eabi/13.3.1/../../../../arm-none-eabi/lib/thumb/v7e-m+fp/hard\libm.a(libm_a-kf_cos.o)
                0x0800add4                __kernel_cosf
 .text.__kernel_sinf
                0x0800ae84       0x90 C:/ST/STM32CubeIDE_1.19.0/STM32CubeIDE/plugins/com.st.stm32cube.ide.mcu.externaltools.gnu-tools-for-stm32.13.3.rel1.win32_1.0.100.202509120712/tools/bin/../lib/gcc/arm-none-eabi/13.3.1/../../../../arm-none-eabi/lib/thumb/v7e-m+fp/hard\libm.a(libm_a-kf_sin.o)
                0x0800ae84                __kernel_sinf
 .text.__ieee754_atan2f
                0x0800af14      0x140 C:/ST/STM32CubeIDE_1.19.0/STM32CubeIDE/plugins/com.st.stm32cube.ide.mcu.externaltools.gnu-tools-for-stm32.13.3.rel1.win32_1.0.100.202509120712/tools/bin/../lib/gcc/arm-none-eabi/13.3.1/../../../../arm-none-eabi/lib/thumb/v7e-m+fp/hard\libm.a(libm_a-ef_atan2.o)
                0x0800af14                __ieee754_atan2f
 .text.__ieee754_rem_pio2f
                0x0800b054      0x260 C:/ST/STM32CubeIDE_1.19.0/STM32CubeIDE/plugins/com.st.stm32cube.ide.mcu.externaltools.gnu-tools-for-stm32.13.3.rel1.win32_1.0.100.202509120712/tools/bin/../lib/gcc/arm-none-eabi/13.3.1/../../../../arm-none-eabi/lib/thumb/v7e-m+fp/hard\libm.a(libm_a-ef_rem_pio2.o)
                0x0800b054                __ieee754_rem_pio2f
 .text.atanf    0x0800b2b4      0x1a8 C:/ST/STM32CubeIDE_1.19.0/STM32CubeIDE/plugins/com.st.stm32cube.ide.mcu.externaltools.gnu-tools-for-stm32.13.3.rel1.win32_1.0.100.202509120712/tools/bin/../lib/gcc/arm-none-eabi/13.3.1/../../../../arm-none-eabi/lib/thumb/v7e-m+fp/hard\libm.a(libm_a-sf_atan.o)
                0x0800b2b4                atanf
 .text.fabsf    0x0800b45c        0xe C:/ST/STM32CubeIDE_1.19.0/STM32CubeIDE/plugins/com.st.stm32cube.ide.mcu.externaltools.gnu-tools-for-stm32.13.3.rel1.win32_1.0.100.202509120712/tools/bin/../lib/gcc/arm-none-eabi/13.3.1/../../../../arm-none-eabi/lib/thumb/v7e-m+fp/hard\libm.a(libm_a-sf_fabs.o)
                0x0800b45c                fabsf
 *fill*         0x0800b46a        0x2 
 .text.__kernel_rem_pio2f
                0x0800b46c      0x4d0 C:/ST/STM32CubeIDE_1.19.0/STM32CubeIDE/plugins/com.st.stm32cube.ide.mcu.externaltools.gnu-tools-for-stm32.13.3.rel1.win32_1.0.100.202509120712/tools/bin/../lib/gcc/arm-none-eabi/13.3.1/../../../../arm-none-eabi/lib/thumb/v7e-m+fp/hard\libm.a(libm_a-kf_rem_pio2.o)
                0x0800b46c                __kernel_rem_pio2f
 .text.scalbnf  0x0800b93c       0xcc C:/ST/STM32CubeIDE_1.19.0/STM32CubeIDE/plugins/com.st.stm32cube.ide.mcu.externaltools.gnu-tools-for-stm32.13.3.rel1.win32_1.0.100.202509120712/tools/bin/../lib/gcc/arm-none-eabi/13.3.1/../../../../arm-none-eabi/lib/thumb/v7e-m+fp/hard\libm.a(libm_a-sf_scalbn.o)
                0x0800b93c                scalbnf
 .text.floorf   0x0800ba08       0x88 C:/ST/STM32CubeIDE_1.19.0/STM32CubeIDE/plugins/com.st.stm32cube.ide.mcu.externaltools.gnu-tools-for-stm32.13.3.rel1.win32_1.0.100.202509120712/tools/bin/../lib/gcc/arm-none-eabi/13.3.1/../../../../arm-none-eabi/lib/thumb/v7e-m+fp/hard\libm.a(libm_a-sf_floor.o)
                0x0800ba08                floorf
 *(.glue_7)
 .glue_7        0x0800ba90        0x0 linker stubs
 *(.glue_7t)
 .glue_7t       0x0800ba90        0x0 linker stubs
 *(.eh_frame)
 .eh_frame      0x0800ba90        0x0 C:/ST/STM32CubeIDE_1.19.0/STM32CubeIDE/plugins/com.st.stm32cube.ide.mcu.externaltools.gnu-tools-for-stm32.13.3.rel1.win32_1.0.100.202509120712/tools/bin/../lib/gcc/arm-none-eabi/13.3.1/thumb/v7e-m+fp/hard/crtbegin.o
 *(.init)
 .init          0x0800ba90        0x4 C:/ST/STM32CubeIDE_1.19.0/STM32CubeIDE/plugins/com.st.stm32cube.ide.mcu.externaltools.gnu-tools-for-stm32.13.3.rel1.win32_1.0.100.202509120712/tools/bin/../lib/gcc/arm-none-eabi/13.3.1/thumb/v7e-m+fp/hard/crti.o
                0x0800ba90                _init
 .init          0x0800ba94        0x8 C:/ST/STM32CubeIDE_1.19.0/STM32CubeIDE/plugins/com.st.stm32cube.ide.mcu.externaltools.gnu-tools-for-stm32.13.3.rel1.win32_1.0.100.202509120712/tools/bin/../lib/gcc/arm-none-eabi/13.3.1/thumb/v7e-m+fp/hard/crtn.o
 *(.fini)
 .fini          0x0800ba9c        0x4 C:/ST/STM32CubeIDE_1.19.0/STM32CubeIDE/plugins/com.st.stm32cube.ide.mcu.externaltools.gnu-tools-for-stm32.13.3.rel1.win32_1.0.100.202509120712/tools/bin/../lib/gcc/arm-none-eabi/13.3.1/thumb/v7e-m+fp/hard/crti.o
                0x0800ba9c                _fini
 .fini          0x0800baa0        0x8 C:/ST/STM32CubeIDE_1.19.0/STM32CubeIDE/plugins/com.st.stm32cube.ide.mcu.externaltools.gnu-tools-for-stm32.13.3.rel1.win32_1.0.100.202509120712/tools/bin/../lib/gcc/arm-none-eabi/13.3.1/thumb/v7e-m+fp/hard/crtn.o
                0x0800baa8                        . = ALIGN (0x4)
                0x0800baa8                        _etext = .

.vfp11_veneer   0x0800baa8        0x0
 .vfp11_veneer  0x0800baa8        0x0 linker stubs

.v4_bx          0x0800baa8        0x0
 .v4_bx         0x0800baa8        0x0 linker stubs

.iplt           0x0800baa8        0x0
 .iplt          0x0800baa8        0x0 C:/ST/STM32CubeIDE_1.19.0/STM32CubeIDE/plugins/com.st.stm32cube.ide.mcu.externaltools.gnu-tools-for-stm32.13.3.rel1.win32_1.0.100.202509120712/tools/bin/../lib/gcc/arm-none-eabi/13.3.1/thumb/v7e-m+fp/hard/crtbegin.o

.rodata         0x0800baa8     0x1138
                0x0800baa8                        . = ALIGN (0x4)
 *(.rodata)
 .rodata        0x0800baa8       0xbe ./src/app/hardware/battery/battery.o
 *fill*         0x0800bb66        0x2 
 .rodata        0x0800bb68       0x46 ./src/app/hardware/consur/consur.o
 *fill*         0x0800bbae        0x2 
 .rodata        0x0800bbb0      0x156 ./src/app/hardware/gnss/neom8n/neom8n.o
 *fill*         0x0800bd06        0x2 
 .rodata        0x0800bd08       0xb6 ./src/app/hardware/imu/icm20602/icm20602.o
 *fill*         0x0800bdbe        0x2 
 .rodata        0x0800bdc0       0xf9 ./src/app/hardware/tranceiver/rp3/rp3.o
 *fill*         0x0800beb9        0x3 
 .rodata        0x0800bebc       0x9b ./src/drivers/icm20602/icm20602.o
 *fill*         0x0800bf57        0x1 
 .rodata        0x0800bf58       0x2d ./src/drivers/servo/servo.o
 *fill*         0x0800bf85        0x3 
 .rodata        0x0800bf88       0x2b ./src/lib/compfilter/compfilter.o
 *fill*         0x0800bfb3        0x1 
 .rodata        0x0800bfb4       0xb8 ./src/lib/protocols/crsf/crsf.o
 .rodata        0x0800c06c       0x75 ./src/lib/protocols/crsf/utils/crsf_frame_queue.o
 *fill*         0x0800c0e1        0x3 
 .rodata        0x0800c0e4       0x70 ./src/lib/protocols/ubx/ubx.o
 .rodata        0x0800c154       0x71 ./src/lib/protocols/ubx/utils/ubx_frame_queue.o
 *fill*         0x0800c1c5        0x3 
 .rodata        0x0800c1c8       0xbd ./src/middleware/msgbox/msgbox.o
 *(.rodata*)
 *fill*         0x0800c285        0x3 
 .rodata.__func__.1
                0x0800c288       0x16 ./src/app/hardware/battery/battery.o
 *fill*         0x0800c29e        0x2 
 .rodata.__func__.0
                0x0800c2a0        0xd ./src/app/hardware/battery/battery.o
 *fill*         0x0800c2ad        0x3 
 .rodata.__func__.2
                0x0800c2b0       0x10 ./src/app/hardware/gnss/neom8n/neom8n.o
 .rodata.__func__.1
                0x0800c2c0       0x16 ./src/app/hardware/gnss/neom8n/neom8n.o
 *fill*         0x0800c2d6        0x2 
 .rodata.__func__.0
                0x0800c2d8        0xd ./src/app/hardware/gnss/neom8n/neom8n.o
 *fill*         0x0800c2e5        0x3 
 .rodata.__func__.1
                0x0800c2e8       0x16 ./src/app/hardware/imu/icm20602/icm20602.o
 *fill*         0x0800c2fe        0x2 
 .rodata.__func__.0
                0x0800c300        0xd ./src/app/hardware/imu/icm20602/icm20602.o
 *fill*         0x0800c30d        0x3 
 .rodata.__func__.2
                0x0800c310       0x16 ./src/app/hardware/tranceiver/rp3/rp3.o
 *fill*         0x0800c326        0x2 
 .rodata.__func__.1
                0x0800c328        0xd ./src/app/hardware/tranceiver/rp3/rp3.o
 *fill*         0x0800c335        0x3 
 .rodata.__func__.0
                0x0800c338        0xd ./src/app/hardware/tranceiver/rp3/rp3.o
 *fill*         0x0800c345        0x3 
 .rodata.__func__.8
                0x0800c348        0x6 ./src/drivers/icm20602/icm20602.o
 *fill*         0x0800c34e        0x2 
 .rodata.__func__.7
                0x0800c350        0x7 ./src/drivers/icm20602/icm20602.o
 *fill*         0x0800c357        0x1 
 .rodata.__func__.6
                0x0800c358       0x12 ./src/drivers/icm20602/icm20602.o
 *fill*         0x0800c36a        0x2 
 .rodata.__func__.5
                0x0800c36c       0x13 ./src/drivers/icm20602/icm20602.o
 *fill*         0x0800c37f        0x1 
 .rodata.__func__.4
                0x0800c380        0xe ./src/drivers/icm20602/icm20602.o
 *fill*         0x0800c38e        0x2 
 .rodata.__func__.3
                0x0800c390       0x1c ./src/drivers/icm20602/icm20602.o
 .rodata.__func__.1
                0x0800c3ac       0x17 ./src/drivers/icm20602/icm20602.o
 *fill*         0x0800c3c3        0x1 
 .rodata.__func__.0
                0x0800c3c4       0x14 ./src/drivers/icm20602/icm20602.o
 .rodata.__func__.1
                0x0800c3d8        0xb ./src/drivers/servo/servo.o
 *fill*         0x0800c3e3        0x1 
 .rodata.__func__.0
                0x0800c3e4        0xc ./src/drivers/servo/servo.o
 .rodata.__func__.0
                0x0800c3f0       0x16 ./src/lib/compfilter/compfilter.o
 *fill*         0x0800c406        0x2 
 .rodata.__func__.22
                0x0800c408        0xe ./src/lib/protocols/crsf/crsf.o
 *fill*         0x0800c416        0x2 
 .rodata.__func__.21
                0x0800c418        0xd ./src/lib/protocols/crsf/crsf.o
 *fill*         0x0800c425        0x3 
 .rodata.__func__.20
                0x0800c428        0xe ./src/lib/protocols/crsf/crsf.o
 *fill*         0x0800c436        0x2 
 .rodata.__func__.19
                0x0800c438       0x11 ./src/lib/protocols/crsf/crsf.o
 *fill*         0x0800c449        0x3 
 .rodata.__func__.18
                0x0800c44c       0x18 ./src/lib/protocols/crsf/crsf.o
 .rodata.__func__.17
                0x0800c464        0xd ./src/lib/protocols/crsf/crsf.o
 *fill*         0x0800c471        0x3 
 .rodata.__func__.16
                0x0800c474        0xd ./src/lib/protocols/crsf/crsf.o
 *fill*         0x0800c481        0x3 
 .rodata.__func__.15
                0x0800c484       0x13 ./src/lib/protocols/crsf/crsf.o
 *fill*         0x0800c497        0x1 
 .rodata.__func__.14
                0x0800c498       0x15 ./src/lib/protocols/crsf/crsf.o
 *fill*         0x0800c4ad        0x3 
 .rodata.__func__.13
                0x0800c4b0       0x16 ./src/lib/protocols/crsf/crsf.o
 *fill*         0x0800c4c6        0x2 
 .rodata.__func__.11
                0x0800c4c8        0xe ./src/lib/protocols/crsf/crsf.o
 *fill*         0x0800c4d6        0x2 
 .rodata.__func__.10
                0x0800c4d8       0x17 ./src/lib/protocols/crsf/crsf.o
 *fill*         0x0800c4ef        0x1 
 .rodata.__func__.7
                0x0800c4f0       0x11 ./src/lib/protocols/crsf/crsf.o
 *fill*         0x0800c501        0x3 
 .rodata.__func__.4
                0x0800c504       0x16 ./src/lib/protocols/crsf/crsf.o
 *fill*         0x0800c51a        0x2 
 .rodata.__func__.1
                0x0800c51c       0x16 ./src/lib/protocols/crsf/crsf.o
 *fill*         0x0800c532        0x2 
 .rodata.__func__.4
                0x0800c534       0x16 ./src/lib/protocols/crsf/utils/crsf_frame_queue.o
 *fill*         0x0800c54a        0x2 
 .rodata.__func__.3
                0x0800c54c       0x16 ./src/lib/protocols/crsf/utils/crsf_frame_queue.o
 *fill*         0x0800c562        0x2 
 .rodata.__func__.2
                0x0800c564       0x15 ./src/lib/protocols/crsf/utils/crsf_frame_queue.o
 *fill*         0x0800c579        0x3 
 .rodata.__func__.0
                0x0800c57c       0x12 ./src/lib/protocols/crsf/utils/crsf_frame_queue.o
 *fill*         0x0800c58e        0x2 
 .rodata.__func__.16
                0x0800c590        0xf ./src/lib/protocols/ubx/ubx.o
 *fill*         0x0800c59f        0x1 
 .rodata.__func__.15
                0x0800c5a0        0xf ./src/lib/protocols/ubx/ubx.o
 *fill*         0x0800c5af        0x1 
 .rodata.__func__.14
                0x0800c5b0        0xe ./src/lib/protocols/ubx/ubx.o
 *fill*         0x0800c5be        0x2 
 .rodata.__func__.13
                0x0800c5c0        0xb ./src/lib/protocols/ubx/ubx.o
 *fill*         0x0800c5cb        0x1 
 .rodata.__func__.12
                0x0800c5cc        0xc ./src/lib/protocols/ubx/ubx.o
 .rodata.__func__.11
                0x0800c5d8       0x10 ./src/lib/protocols/ubx/ubx.o
 .rodata.__func__.10
                0x0800c5e8        0xc ./src/lib/protocols/ubx/ubx.o
 .rodata.__func__.9
                0x0800c5f4        0xd ./src/lib/protocols/ubx/ubx.o
 *fill*         0x0800c601        0x3 
 .rodata.__func__.8
                0x0800c604        0xd ./src/lib/protocols/ubx/ubx.o
 *fill*         0x0800c611        0x3 
 .rodata.__func__.7
                0x0800c614       0x16 ./src/lib/protocols/ubx/ubx.o
 *fill*         0x0800c62a        0x2 
 .rodata.__func__.5
                0x0800c62c       0x10 ./src/lib/protocols/ubx/ubx.o
 .rodata.__func__.4
                0x0800c63c       0x15 ./src/lib/protocols/ubx/ubx.o
 *fill*         0x0800c651        0x3 
 .rodata.__func__.2
                0x0800c654        0xe ./src/lib/protocols/ubx/ubx.o
 *fill*         0x0800c662        0x2 
 .rodata.__func__.1
                0x0800c664        0xb ./src/lib/protocols/ubx/ubx.o
 *fill*         0x0800c66f        0x1 
 .rodata.__func__.0
                0x0800c670       0x12 ./src/lib/protocols/ubx/ubx.o
 *fill*         0x0800c682        0x2 
 .rodata.__func__.4
                0x0800c684       0x15 ./src/lib/protocols/ubx/utils/ubx_frame_queue.o
 *fill*         0x0800c699        0x3 
 .rodata.__func__.3
                0x0800c69c       0x15 ./src/lib/protocols/ubx/utils/ubx_frame_queue.o
 *fill*         0x0800c6b1        0x3 
 .rodata.__func__.2
                0x0800c6b4       0x14 ./src/lib/protocols/ubx/utils/ubx_frame_queue.o
 .rodata.__func__.0
                0x0800c6c8       0x11 ./src/lib/protocols/ubx/utils/ubx_frame_queue.o
 *fill*         0x0800c6d9        0x3 
 .rodata.__func__.7
                0x0800c6dc       0x11 ./src/middleware/msgbox/msgbox.o
 *fill*         0x0800c6ed        0x3 
 .rodata.__func__.6
                0x0800c6f0        0xf ./src/middleware/msgbox/msgbox.o
 *fill*         0x0800c6ff        0x1 
 .rodata.__func__.5
                0x0800c700       0x13 ./src/middleware/msgbox/msgbox.o
 *fill*         0x0800c713        0x1 
 .rodata.__func__.4
                0x0800c714        0xe ./src/middleware/msgbox/msgbox.o
 *fill*         0x0800c722        0x2 
 .rodata.__func__.2
                0x0800c724        0xf ./src/middleware/msgbox/msgbox.o
 *fill*         0x0800c733        0x1 
 .rodata.__func__.1
                0x0800c734       0x11 ./src/middleware/msgbox/msgbox.o
 *fill*         0x0800c745        0x3 
 .rodata.AHBPrescTable
                0x0800c748       0x10 ./src/platform/hal/Core/Src/system_stm32f4xx.o
                0x0800c748                AHBPrescTable
 .rodata.APBPrescTable
                0x0800c758        0x8 ./src/platform/hal/Core/Src/system_stm32f4xx.o
                0x0800c758                APBPrescTable
 .rodata.flagBitshiftOffset.0
                0x0800c760        0x8 ./src/platform/hal/Drivers/STM32F4xx_HAL_Driver/Src/stm32f4xx_hal_dma.o
 .rodata.__assert_func.str1.1
                0x0800c768       0x6f C:/ST/STM32CubeIDE_1.19.0/STM32CubeIDE/plugins/com.st.stm32cube.ide.mcu.externaltools.gnu-tools-for-stm32.13.3.rel1.win32_1.0.100.202509120712/tools/bin/../lib/gcc/arm-none-eabi/13.3.1/../../../../arm-none-eabi/lib/thumb/v7e-m+fp/hard\libc_nano.a(libc_a-assert.o)
                                 0x3d (size before relaxing)
 .rodata._vfprintf_r.str1.1
                0x0800c7d7        0x0 C:/ST/STM32CubeIDE_1.19.0/STM32CubeIDE/plugins/com.st.stm32cube.ide.mcu.externaltools.gnu-tools-for-stm32.13.3.rel1.win32_1.0.100.202509120712/tools/bin/../lib/gcc/arm-none-eabi/13.3.1/../../../../arm-none-eabi/lib/thumb/v7e-m+fp/hard\libc_nano.a(libc_a-nano-vfprintf.o)
                                 0x11 (size before relaxing)
 .rodata._printf_i.str1.1
                0x0800c7d7        0x0 C:/ST/STM32CubeIDE_1.19.0/STM32CubeIDE/plugins/com.st.stm32cube.ide.mcu.externaltools.gnu-tools-for-stm32.13.3.rel1.win32_1.0.100.202509120712/tools/bin/../lib/gcc/arm-none-eabi/13.3.1/../../../../arm-none-eabi/lib/thumb/v7e-m+fp/hard\libc_nano.a(libc_a-nano-vfprintf_i.o)
                                 0x22 (size before relaxing)
 *fill*         0x0800c7d7        0x1 
 .rodata.CSWTCH.9
                0x0800c7d8        0xc C:/ST/STM32CubeIDE_1.19.0/STM32CubeIDE/plugins/com.st.stm32cube.ide.mcu.externaltools.gnu-tools-for-stm32.13.3.rel1.win32_1.0.100.202509120712/tools/bin/../lib/gcc/arm-none-eabi/13.3.1/../../../../arm-none-eabi/lib/thumb/v7e-m+fp/hard\libm.a(libm_a-ef_atan2.o)
 .rodata.CSWTCH.8
                0x0800c7e4        0xc C:/ST/STM32CubeIDE_1.19.0/STM32CubeIDE/plugins/com.st.stm32cube.ide.mcu.externaltools.gnu-tools-for-stm32.13.3.rel1.win32_1.0.100.202509120712/tools/bin/../lib/gcc/arm-none-eabi/13.3.1/../../../../arm-none-eabi/lib/thumb/v7e-m+fp/hard\libm.a(libm_a-ef_atan2.o)
 .rodata.npio2_hw
                0x0800c7f0       0x80 C:/ST/STM32CubeIDE_1.19.0/STM32CubeIDE/plugins/com.st.stm32cube.ide.mcu.externaltools.gnu-tools-for-stm32.13.3.rel1.win32_1.0.100.202509120712/tools/bin/../lib/gcc/arm-none-eabi/13.3.1/../../../../arm-none-eabi/lib/thumb/v7e-m+fp/hard\libm.a(libm_a-ef_rem_pio2.o)
 .rodata.two_over_pi
                0x0800c870      0x318 C:/ST/STM32CubeIDE_1.19.0/STM32CubeIDE/plugins/com.st.stm32cube.ide.mcu.externaltools.gnu-tools-for-stm32.13.3.rel1.win32_1.0.100.202509120712/tools/bin/../lib/gcc/arm-none-eabi/13.3.1/../../../../arm-none-eabi/lib/thumb/v7e-m+fp/hard\libm.a(libm_a-ef_rem_pio2.o)
 .rodata.atanlo
                0x0800cb88       0x10 C:/ST/STM32CubeIDE_1.19.0/STM32CubeIDE/plugins/com.st.stm32cube.ide.mcu.externaltools.gnu-tools-for-stm32.13.3.rel1.win32_1.0.100.202509120712/tools/bin/../lib/gcc/arm-none-eabi/13.3.1/../../../../arm-none-eabi/lib/thumb/v7e-m+fp/hard\libm.a(libm_a-sf_atan.o)
 .rodata.atanhi
                0x0800cb98       0x10 C:/ST/STM32CubeIDE_1.19.0/STM32CubeIDE/plugins/com.st.stm32cube.ide.mcu.externaltools.gnu-tools-for-stm32.13.3.rel1.win32_1.0.100.202509120712/tools/bin/../lib/gcc/arm-none-eabi/13.3.1/../../../../arm-none-eabi/lib/thumb/v7e-m+fp/hard\libm.a(libm_a-sf_atan.o)
 .rodata.PIo2   0x0800cba8       0x2c C:/ST/STM32CubeIDE_1.19.0/STM32CubeIDE/plugins/com.st.stm32cube.ide.mcu.externaltools.gnu-tools-for-stm32.13.3.rel1.win32_1.0.100.202509120712/tools/bin/../lib/gcc/arm-none-eabi/13.3.1/../../../../arm-none-eabi/lib/thumb/v7e-m+fp/hard\libm.a(libm_a-kf_rem_pio2.o)
 .rodata.init_jk
                0x0800cbd4        0xc C:/ST/STM32CubeIDE_1.19.0/STM32CubeIDE/plugins/com.st.stm32cube.ide.mcu.externaltools.gnu-tools-for-stm32.13.3.rel1.win32_1.0.100.202509120712/tools/bin/../lib/gcc/arm-none-eabi/13.3.1/../../../../arm-none-eabi/lib/thumb/v7e-m+fp/hard\libm.a(libm_a-kf_rem_pio2.o)
                0x0800cbe0                        . = ALIGN (0x4)

.ARM.extab      0x0800cbe0        0x0
                0x0800cbe0                        . = ALIGN (0x4)
 *(.ARM.extab* .gnu.linkonce.armextab.*)
                0x0800cbe0                        . = ALIGN (0x4)

.ARM            0x0800cbe0        0x8
                0x0800cbe0                        . = ALIGN (0x4)
                0x0800cbe0                        __exidx_start = .
 *(.ARM.exidx*)
 .ARM.exidx     0x0800cbe0        0x8 C:/ST/STM32CubeIDE_1.19.0/STM32CubeIDE/plugins/com.st.stm32cube.ide.mcu.externaltools.gnu-tools-for-stm32.13.3.rel1.win32_1.0.100.202509120712/tools/bin/../lib/gcc/arm-none-eabi/13.3.1/../../../../arm-none-eabi/lib/thumb/v7e-m+fp/hard\libc_nano.a(libc_a-memchr.o)
 .ARM.exidx     0x0800cbe8        0x0 C:/ST/STM32CubeIDE_1.19.0/STM32CubeIDE/plugins/com.st.stm32cube.ide.mcu.externaltools.gnu-tools-for-stm32.13.3.rel1.win32_1.0.100.202509120712/tools/bin/../lib/gcc/arm-none-eabi/13.3.1/thumb/v7e-m+fp/hard\libgcc.a(_udivmoddi4.o)
                                  0x8 (size before relaxing)
                0x0800cbe8                        __exidx_end = .
                0x0800cbe8                        . = ALIGN (0x4)

.preinit_array  0x0800cbe8        0x0
                0x0800cbe8                        . = ALIGN (0x4)
                0x0800cbe8                        PROVIDE (__preinit_array_start = .)
 *(.preinit_array*)
                0x0800cbe8                        PROVIDE (__preinit_array_end = .)
                0x0800cbe8                        . = ALIGN (0x4)

.init_array     0x0800cbe8        0x4
                0x0800cbe8                        . = ALIGN (0x4)
                0x0800cbe8                        PROVIDE (__init_array_start = .)
 *(SORT_BY_NAME(.init_array.*))
 *(.init_array*)
 .init_array    0x0800cbe8        0x4 C:/ST/STM32CubeIDE_1.19.0/STM32CubeIDE/plugins/com.st.stm32cube.ide.mcu.externaltools.gnu-tools-for-stm32.13.3.rel1.win32_1.0.100.202509120712/tools/bin/../lib/gcc/arm-none-eabi/13.3.1/thumb/v7e-m+fp/hard/crtbegin.o
                0x0800cbec                        PROVIDE (__init_array_end = .)
                0x0800cbec                        . = ALIGN (0x4)

.fini_array     0x0800cbec        0x4
                0x0800cbec                        . = ALIGN (0x4)
                [!provide]                        PROVIDE (__fini_array_start = .)
 *(SORT_BY_NAME(.fini_array.*))
 *(.fini_array*)
 .fini_array    0x0800cbec        0x4 C:/ST/STM32CubeIDE_1.19.0/STM32CubeIDE/plugins/com.st.stm32cube.ide.mcu.externaltools.gnu-tools-for-stm32.13.3.rel1.win32_1.0.100.202509120712/tools/bin/../lib/gcc/arm-none-eabi/13.3.1/thumb/v7e-m+fp/hard/crtbegin.o
                [!provide]                        PROVIDE (__fini_array_end = .)
                0x0800cbf0                        . = ALIGN (0x4)
                0x0800cbf0                        _sidata = LOADADDR (.data)

.rel.dyn        0x0800cbf0        0x0
 .rel.iplt      0x0800cbf0        0x0 C:/ST/STM32CubeIDE_1.19.0/STM32CubeIDE/plugins/com.st.stm32cube.ide.mcu.externaltools.gnu-tools-for-stm32.13.3.rel1.win32_1.0.100.202509120712/tools/bin/../lib/gcc/arm-none-eabi/13.3.1/thumb/v7e-m+fp/hard/crtbegin.o

.data           0x20000000       0x6c load address 0x0800cbf0
                0x20000000                        . = ALIGN (0x4)
                0x20000000                        _sdata = .
 *(.data)
 *(.data*)
 .data.s_huart  0x20000000        0x4 ./src/app/hardware/tranceiver/rp3/rp3.o
 .data.SystemCoreClock
                0x20000004        0x4 ./src/platform/hal/Core/Src/system_stm32f4xx.o
                0x20000004                SystemCoreClock
 .data.uwTickPrio
                0x20000008        0x4 ./src/platform/hal/Drivers/STM32F4xx_HAL_Driver/Src/stm32f4xx_hal.o
                0x20000008                uwTickPrio
 .data.uwTickFreq
                0x2000000c        0x1 ./src/platform/hal/Drivers/STM32F4xx_HAL_Driver/Src/stm32f4xx_hal.o
                0x2000000c                uwTickFreq
 *fill*         0x2000000d        0x3 