C:/Users/unRR/Workspace/STM32CubeIDE/workspace_1.19.0/flight_controller/src/lib/protocols/crsf/crsf.h:168:23:crsf_get_len	16	static
C:/Users/unRR/Workspace/STM32CubeIDE/workspace_1.19.0/flight_controller/src/lib/protocols/crsf/crsf.h:206:23:crsf_get_frame_length	16	static
C:/Users/unRR/Workspace/STM32CubeIDE/workspace_1.19.0/flight_controller/src/lib/math.h:14:21:DEG_TO_RAD	16	static
../src/app/hardware/imu/icm20602/icm20602.c:25:6:app_icm20602_init	24	static
../src/app/hardware/imu/icm20602/icm20602.c:103:6:app_icm20602_loop	96	static
../src/app/hardware/imu/icm20602/icm20602.c:121:6:app_icm20602_irq_handler	8	static
