C:/Users/unRR/Workspace/STM32CubeIDE/workspace_1.19.0/flight_controller/src/lib/protocols/crsf/utils/../crsf.h:168:23:crsf_get_len	16	static
C:/Users/unRR/Workspace/STM32CubeIDE/workspace_1.19.0/flight_controller/src/lib/protocols/crsf/utils/../crsf.h:206:23:crsf_get_frame_length	16	static
../src/app/hardware/gnss/neom8n/neom8n.c:27:6:neom8n_init	16	static
../src/app/hardware/gnss/neom8n/neom8n.c:56:6:neom8n_flush_rx	304	static
../src/app/hardware/gnss/neom8n/neom8n.c:86:6:neom8n_loop	8	static
../src/app/hardware/gnss/neom8n/neom8n.c:94:6:neom8n_uart_rx_cplt_callback	16	static
